Archive member included to satisfy reference by file (symbol)

/usr/lib/gcc/arm-none-eabi/13.2.1/thumb/v6-m/nofp/libgcc.a(_dvmd_tls.o)
                              CMakeFiles/pico_hostname_resolver.dir/home/cooperp/pico/pico-sdk/src/rp2_common/pico_divider/divider_hardware.S.o (__aeabi_idiv0)
/usr/lib/gcc/arm-none-eabi/13.2.1/../../../arm-none-eabi/lib/thumb/v6-m/nofp/libg.a(libc_a-strncpy.o)
                              CMakeFiles/pico_hostname_resolver.dir/src/wl_log.c.o (strncpy)
/usr/lib/gcc/arm-none-eabi/13.2.1/../../../arm-none-eabi/lib/thumb/v6-m/nofp/libg.a(libc_a-strncmp.o)
                              CMakeFiles/pico_hostname_resolver.dir/src/wl_log.c.o (strncmp)
/usr/lib/gcc/arm-none-eabi/13.2.1/../../../arm-none-eabi/lib/thumb/v6-m/nofp/libg.a(libc_a-memmove.o)
                              CMakeFiles/pico_hostname_resolver.dir/home/cooperp/pico/pico-sdk/lib/lwip/src/core/def.c.o (memmove)
/usr/lib/gcc/arm-none-eabi/13.2.1/../../../arm-none-eabi/lib/thumb/v6-m/nofp/libg.a(libc_a-calloc.o)
                              CMakeFiles/pico_hostname_resolver.dir/home/cooperp/pico/pico-sdk/src/rp2_common/pico_malloc/malloc.c.o (calloc)
/usr/lib/gcc/arm-none-eabi/13.2.1/../../../arm-none-eabi/lib/thumb/v6-m/nofp/libg.a(libc_a-impure.o)
                              /usr/lib/gcc/arm-none-eabi/13.2.1/../../../arm-none-eabi/lib/thumb/v6-m/nofp/libg.a(libc_a-calloc.o) (_impure_ptr)
/usr/lib/gcc/arm-none-eabi/13.2.1/../../../arm-none-eabi/lib/thumb/v6-m/nofp/libg.a(libc_a-callocr.o)
                              /usr/lib/gcc/arm-none-eabi/13.2.1/../../../arm-none-eabi/lib/thumb/v6-m/nofp/libg.a(libc_a-calloc.o) (_calloc_r)
/usr/lib/gcc/arm-none-eabi/13.2.1/../../../arm-none-eabi/lib/thumb/v6-m/nofp/libg.a(libc_a-realloc.o)
                              CMakeFiles/pico_hostname_resolver.dir/home/cooperp/pico/pico-sdk/src/rp2_common/pico_malloc/malloc.c.o (realloc)
/usr/lib/gcc/arm-none-eabi/13.2.1/../../../arm-none-eabi/lib/thumb/v6-m/nofp/libg.a(libc_a-mallocr.o)
                              /usr/lib/gcc/arm-none-eabi/13.2.1/../../../arm-none-eabi/lib/thumb/v6-m/nofp/libg.a(libc_a-callocr.o) (_malloc_r)
/usr/lib/gcc/arm-none-eabi/13.2.1/../../../arm-none-eabi/lib/thumb/v6-m/nofp/libg.a(libc_a-freer.o)
                              /usr/lib/gcc/arm-none-eabi/13.2.1/../../../arm-none-eabi/lib/thumb/v6-m/nofp/libg.a(libc_a-mallocr.o) (_free_r)
/usr/lib/gcc/arm-none-eabi/13.2.1/../../../arm-none-eabi/lib/thumb/v6-m/nofp/libg.a(libc_a-memcmp.o)
                              CMakeFiles/pico_hostname_resolver.dir/home/cooperp/pico/pico-sdk/src/rp2_common/pico_atomic/atomic.c.o (memcmp)
/usr/lib/gcc/arm-none-eabi/13.2.1/../../../arm-none-eabi/lib/thumb/v6-m/nofp/libg.a(libc_a-atoi.o)
                              CMakeFiles/pico_hostname_resolver.dir/home/cooperp/pico/pico-sdk/lib/lwip/src/core/netif.c.o (atoi)
/usr/lib/gcc/arm-none-eabi/13.2.1/../../../arm-none-eabi/lib/thumb/v6-m/nofp/libg.a(libc_a-strtol.o)
                              /usr/lib/gcc/arm-none-eabi/13.2.1/../../../arm-none-eabi/lib/thumb/v6-m/nofp/libg.a(libc_a-atoi.o) (_strtol_r)
/usr/lib/gcc/arm-none-eabi/13.2.1/../../../arm-none-eabi/lib/thumb/v6-m/nofp/libg.a(libc_a-malloc.o)
                              CMakeFiles/pico_hostname_resolver.dir/home/cooperp/pico/pico-sdk/src/rp2_common/pico_malloc/malloc.c.o (malloc)
/usr/lib/gcc/arm-none-eabi/13.2.1/../../../arm-none-eabi/lib/thumb/v6-m/nofp/libg.a(libc_a-sysconf.o)
                              /usr/lib/gcc/arm-none-eabi/13.2.1/../../../arm-none-eabi/lib/thumb/v6-m/nofp/libg.a(libc_a-mallocr.o) (sysconf)
/usr/lib/gcc/arm-none-eabi/13.2.1/../../../arm-none-eabi/lib/thumb/v6-m/nofp/libg.a(libc_a-init.o)
                              /usr/lib/gcc/arm-none-eabi/13.2.1/../../../arm-none-eabi/lib/thumb/v6-m/nofp/crt0.o (__libc_init_array)
/usr/lib/gcc/arm-none-eabi/13.2.1/../../../arm-none-eabi/lib/thumb/v6-m/nofp/libg.a(libc_a-reallocr.o)
                              /usr/lib/gcc/arm-none-eabi/13.2.1/../../../arm-none-eabi/lib/thumb/v6-m/nofp/libg.a(libc_a-realloc.o) (_realloc_r)
/usr/lib/gcc/arm-none-eabi/13.2.1/../../../arm-none-eabi/lib/thumb/v6-m/nofp/libg.a(libc_a-clock.o)
                              CMakeFiles/pico_hostname_resolver.dir/src/wl_log.c.o (clock)
/usr/lib/gcc/arm-none-eabi/13.2.1/../../../arm-none-eabi/lib/thumb/v6-m/nofp/libg.a(libc_a-mktime.o)
                              CMakeFiles/pico_hostname_resolver.dir/home/cooperp/pico/pico-sdk/src/common/pico_util/datetime.c.o (mktime)
/usr/lib/gcc/arm-none-eabi/13.2.1/../../../arm-none-eabi/lib/thumb/v6-m/nofp/libg.a(libc_a-mlock.o)
                              /usr/lib/gcc/arm-none-eabi/13.2.1/../../../arm-none-eabi/lib/thumb/v6-m/nofp/libg.a(libc_a-mallocr.o) (__malloc_lock)
/usr/lib/gcc/arm-none-eabi/13.2.1/../../../arm-none-eabi/lib/thumb/v6-m/nofp/libg.a(libc_a-findfp.o)
                              /usr/lib/gcc/arm-none-eabi/13.2.1/../../../arm-none-eabi/lib/thumb/v6-m/nofp/libg.a(libc_a-impure.o) (__sf)
[...]
Memory Configuration

Name             Origin             Length             Attributes
FLASH            0x10000000         0x00200000         xr
RAM              0x20000000         0x00040000         xrw
SCRATCH_X        0x20040000         0x00001000         xrw
SCRATCH_Y        0x20041000         0x00001000         xrw
*default*        0x00000000         0xffffffff

Linker script and memory map

LOAD /usr/lib/gcc/arm-none-eabi/13.2.1/thumb/v6-m/nofp/crti.o
LOAD /usr/lib/gcc/arm-none-eabi/13.2.1/thumb/v6-m/nofp/crtbegin.o
LOAD /usr/lib/gcc/arm-none-eabi/13.2.1/../../../arm-none-eabi/lib/thumb/v6-m/nofp/crt0.o

.flash_begin    0x10000000        0x0
                0x10000000                        __flash_binary_start = .

.boot2          0x10000000      0x100
                0x10000000                        __boot2_start__ = .
 *(.boot2)
 .boot2         0x10000000      0x100 pico-sdk/src/rp2040/boot_stage2/CMakeFiles/bs2_default_library.dir/bs2_default_padded_checksummed.S.o
                0x10000100                        __boot2_end__ = .
                0x00000001                        ASSERT (((__boot2_end__ - __boot2_start__) == 0x100), ERROR: Pico second stage bootloader must be 256 bytes in size)

.text           0x10000100    0x16d88
                0x10000100                        __logical_binary_start = .
 *(.vectors)
 .vectors       0x10000100       0xd4 CMakeFiles/pico_hostname_resolver.dir/home/cooperp/pico/pico-sdk/src/rp2_common/pico_crt0/crt0.S.o
                0x10000100                __vectors
                0x10000100                __VECTOR_TABLE
                0x100001c0                isr_irq30
                0x100001c0                __unhandled_user_irq
                0x100001c0                isr_irq13
                0x100001c0                isr_irq27
                0x100001c0                isr_irq31
                0x100001c0                isr_irq5
                0x100001c0                isr_irq11
                0x100001c0                isr_irq23
                0x100001c0                isr_irq18
                0x100001c0                isr_irq28
                0x100001c0                isr_irq19
                0x100001c0                isr_irq0
                0x100001c0                isr_irq6
                0x100001c0                isr_irq22
                0x100001c0                isr_irq17
                0x100001c0                isr_irq14
                0x100001c0                __vectors_end
                0x100001c0                __default_isrs_start
                0x100001c0                isr_irq2
                0x100001c0                isr_irq10
                0x100001c0                isr_irq8
                0x100001c0                isr_irq24
                0x100001c0                isr_irq1
                0x100001c0                isr_irq7
                0x100001c0                isr_irq21
                0x100001c0                isr_irq20
                0x100001c0                isr_irq15
                0x100001c0                isr_irq25
                0x100001c0                isr_irq4
                0x100001c0                isr_irq16
                0x100001c0                isr_irq29
                0x100001c0                isr_irq26
                0x100001c0                isr_irq3
                0x100001c0                isr_irq12
                0x100001c0                isr_irq9
                0x100001c6                unhandled_user_irq_num_in_r0
                0x100001c8                isr_invalid
                0x100001ca                isr_nmi
                0x100001cc                isr_hardfault
                0x100001ce                isr_svcall
                0x100001d0                isr_pendsv
                0x100001d2                isr_systick
                0x100001d4                __default_isrs_end
 *(.binary_info_header)
 .binary_info_header
                0x100001d4       0x14 CMakeFiles/pico_hostname_resolver.dir/home/cooperp/pico/pico-sdk/src/rp2_common/pico_crt0/crt0.S.o
                0x100001e8                        __binary_info_header_end = .
 *(.embedded_block)
                0x100001e8                        __embedded_block_end = .
 *(.reset)
 .reset         0x100001e8       0x9c CMakeFiles/pico_hostname_resolver.dir/home/cooperp/pico/pico-sdk/src/rp2_common/pico_crt0/crt0.S.o
                0x100001e8                _entry_point
 *(.init)
 .init          0x10000284        0x4 /usr/lib/gcc/arm-none-eabi/13.2.1/thumb/v6-m/nofp/crti.o
                0x10000284                _init
 *(EXCLUDE_FILE(*libm.a: *libc.a:*lib_a-mem*.o *libgcc.a:) .text*)
 .text          0x10000288       0x98 /usr/lib/gcc/arm-none-eabi/13.2.1/thumb/v6-m/nofp/crtbegin.o
 .text.connect_wifi
                0x10000320       0x58 CMakeFiles/pico_hostname_resolver.dir/src/main.c.o
                0x10000320                connect_wifi
 .text.startup.main
                0x10000378       0x8c CMakeFiles/pico_hostname_resolver.dir/src/main.c.o
                0x10000378                main
 .text.dns_found_cb
                0x10000404       0x3c CMakeFiles/pico_hostname_resolver.dir/src/pico_dns_resolver.c.o
 .text.resolve_hostname
                0x10000440       0x90 CMakeFiles/pico_hostname_resolver.dir/src/pico_dns_resolver.c.o
                0x10000440                resolve_hostname
 .text.wl_log_print
                0x100004d0      0x11c CMakeFiles/pico_hostname_resolver.dir/src/wl_log.c.o
                0x100004d0                wl_log_print
 .text.gpio_set_function
                0x100005ec       0x34 CMakeFiles/pico_hostname_resolver.dir/home/cooperp/pico/pico-sdk/src/rp2_common/hardware_gpio/gpio.c.o
                0x100005ec                gpio_set_function
 .text.gpio_set_pulls
                0x10000620       0x28 CMakeFiles/pico_hostname_resolver.dir/home/cooperp/pico/pico-sdk/src/rp2_common/hardware_gpio/gpio.c.o
                0x10000620                gpio_set_pulls
 .text.gpio_set_input_hysteresis_enabled
                0x10000648       0x28 CMakeFiles/pico_hostname_resolver.dir/home/cooperp/pico/pico-sdk/src/rp2_common/hardware_gpio/gpio.c.o
                0x10000648                gpio_set_input_hysteresis_enabled
 .text.gpio_set_irq_enabled
                0x10000670       0x58 CMakeFiles/pico_hostname_resolver.dir/home/cooperp/pico/pico-sdk/src/rp2_common/hardware_gpio/gpio.c.o
                0x10000670                gpio_set_irq_enabled
 .text.gpio_add_raw_irq_handler_with_order_priority_masked
                0x100006c8       0x44 CMakeFiles/pico_hostname_resolver.dir/home/cooperp/pico/pico-sdk/src/rp2_common/hardware_gpio/gpio.c.o
                0x100006c8                gpio_add_raw_irq_handler_with_order_priority_masked
 .text.gpio_remove_raw_irq_handler_masked
                0x1000070c       0x20 CMakeFiles/pico_hostname_resolver.dir/home/cooperp/pico/pico-sdk/src/rp2_common/hardware_gpio/gpio.c.o
                0x1000070c                gpio_remove_raw_irq_handler_masked
 .text.gpio_init
                0x1000072c       0x40 CMakeFiles/pico_hostname_resolver.dir/home/cooperp/pico/pico-sdk/src/rp2_common/hardware_gpio/gpio.c.o
                0x1000072c                gpio_init
 .text.rp2040_chip_version
                0x1000076c        0xc CMakeFiles/pico_hostname_resolver.dir/home/cooperp/pico/pico-sdk/src/rp2040/pico_platform/platform.c.o
                0x1000076c                rp2040_chip_version
 .text.panic    0x10000778       0x30 CMakeFiles/pico_hostname_resolver.dir/home/cooperp/pico/pico-sdk/src/rp2_common/pico_platform_panic/panic.c.o
                0x10000778                panic
 .text.hw_claim_lock
                0x100007a8       0x18 CMakeFiles/pico_hostname_resolver.dir/home/cooperp/pico/pico-sdk/src/common/hardware_claim/claim.c.o
                0x100007a8                hw_claim_lock
 .text.hw_claim_unlock
                0x100007c0       0x14 CMakeFiles/pico_hostname_resolver.dir/home/cooperp/pico/pico-sdk/src/common/hardware_claim/claim.c.o
                0x100007c0                hw_claim_unlock
 .text.hw_claim_or_assert
                0x100007d4       0x44 CMakeFiles/pico_hostname_resolver.dir/home/cooperp/pico/pico-sdk/src/common/hardware_claim/claim.c.o
                0x100007d4                hw_claim_or_assert
 .text.hw_claim_unused_from_range
                0x10000818       0x9c CMakeFiles/pico_hostname_resolver.dir/home/cooperp/pico/pico-sdk/src/common/hardware_claim/claim.c.o
                0x10000818                hw_claim_unused_from_range
 .text.hw_claim_clear
                0x100008b4       0x38 CMakeFiles/pico_hostname_resolver.dir/home/cooperp/pico/pico-sdk/src/common/hardware_claim/claim.c.o
                0x100008b4                hw_claim_clear
 .text.next_striped_spin_lock_num
                0x100008ec       0x18 CMakeFiles/pico_hostname_resolver.dir/home/cooperp/pico/pico-sdk/src/rp2_common/hardware_sync/sync.c.o
                0x100008ec                next_striped_spin_lock_num
 .text.spin_lock_claim_unused
                0x10000904       0x24 CMakeFiles/pico_hostname_resolver.dir/home/cooperp/pico/pico-sdk/src/rp2_common/hardware_sync/sync.c.o
                0x10000904                spin_lock_claim_unused
 .text.spin_locks_reset
                0x10000928       0x1c CMakeFiles/pico_hostname_resolver.dir/home/cooperp/pico/pico-sdk/src/rp2_common/hardware_sync_spin_lock/sync_spin_lock.c.o
                0x10000928                spin_locks_reset
 .text.runtime_init_per_core_irq_priorities
                0x10000944       0x24 CMakeFiles/pico_hostname_resolver.dir/home/cooperp/pico/pico-sdk/src/rp2_common/hardware_irq/irq.c.o
                0x10000944                runtime_init_per_core_irq_priorities
 .text.irq_set_enabled
                0x10000968       0x24 CMakeFiles/pico_hostname_resolver.dir/home/cooperp/pico/pico-sdk/src/rp2_common/hardware_irq/irq.c.o
                0x10000968                irq_set_enabled
 .text.irq_is_enabled
                0x1000098c       0x18 CMakeFiles/pico_hostname_resolver.dir/home/cooperp/pico/pico-sdk/src/rp2_common/hardware_irq/irq.c.o
                0x1000098c                irq_is_enabled
 .text.irq_set_pending
                0x100009a4       0x10 CMakeFiles/pico_hostname_resolver.dir/home/cooperp/pico/pico-sdk/src/rp2_common/hardware_irq/irq.c.o
                0x100009a4                irq_set_pending
 .text.irq_has_shared_handler
                0x100009b4       0x24 CMakeFiles/pico_hostname_resolver.dir/home/cooperp/pico/pico-sdk/src/rp2_common/hardware_irq/irq.c.o
                0x100009b4                irq_has_shared_handler
 .text.irq_set_exclusive_handler
                0x100009d8       0x54 CMakeFiles/pico_hostname_resolver.dir/home/cooperp/pico/pico-sdk/src/rp2_common/hardware_irq/irq.c.o
                0x100009d8                irq_set_exclusive_handler
 .text.irq_add_shared_handler
                0x10000a2c      0x1f4 CMakeFiles/pico_hostname_resolver.dir/home/cooperp/pico/pico-sdk/src/rp2_common/hardware_irq/irq.c.o
                0x10000a2c                irq_add_shared_handler
 .text.irq_remove_handler
                0x10000c20      0x1d4 CMakeFiles/pico_hostname_resolver.dir/home/cooperp/pico/pico-sdk/src/rp2_common/hardware_irq/irq.c.o
                0x10000c20                irq_remove_handler
 .text.irq_set_priority
                0x10000df4       0x28 CMakeFiles/pico_hostname_resolver.dir/home/cooperp/pico/pico-sdk/src/rp2_common/hardware_irq/irq.c.o
                0x10000df4                irq_set_priority
 .text.irq_add_tail_to_free_list
                0x10000e1c       0xb4 CMakeFiles/pico_hostname_resolver.dir/home/cooperp/pico/pico-sdk/src/rp2_common/hardware_irq/irq.c.o
                0x10000e1c                irq_add_tail_to_free_list
 .text.user_irq_unclaim
                0x10000ed0       0x14 CMakeFiles/pico_hostname_resolver.dir/home/cooperp/pico/pico-sdk/src/rp2_common/hardware_irq/irq.c.o
                0x10000ed0                user_irq_unclaim
 .text.user_irq_claim_unused
                0x10000ee4       0x2c CMakeFiles/pico_hostname_resolver.dir/home/cooperp/pico/pico-sdk/src/rp2_common/hardware_irq/irq.c.o
                0x10000ee4                user_irq_claim_unused
 .text.sem_init
                0x10000f10       0x20 CMakeFiles/pico_hostname_resolver.dir/home/cooperp/pico/pico-sdk/src/common/pico_sync/sem.c.o
                0x10000f10                sem_init
 .text.lock_init
                0x10000f30       0x10 CMakeFiles/pico_hostname_resolver.dir/home/cooperp/pico/pico-sdk/src/common/pico_sync/lock_core.c.o
                0x10000f30                lock_init
 .text.runtime_init_mutex
                0x10000f40       0x50 CMakeFiles/pico_hostname_resolver.dir/home/cooperp/pico/pico-sdk/src/common/pico_sync/mutex.c.o
                0x10000f40                runtime_init_mutex
 .text.mutex_init
                0x10000f90       0x1c CMakeFiles/pico_hostname_resolver.dir/home/cooperp/pico/pico-sdk/src/common/pico_sync/mutex.c.o
                0x10000f90                mutex_init
 .text.recursive_mutex_init
                0x10000fac       0x1c CMakeFiles/pico_hostname_resolver.dir/home/cooperp/pico/pico-sdk/src/common/pico_sync/mutex.c.o
                0x10000fac                recursive_mutex_init
 .text.critical_section_init
                0x10000fc8       0x1c CMakeFiles/pico_hostname_resolver.dir/home/cooperp/pico/pico-sdk/src/common/pico_sync/critical_section.c.o
                0x10000fc8                critical_section_init
 .text.critical_section_init_with_lock_num
                0x10000fe4       0x14 CMakeFiles/pico_hostname_resolver.dir/home/cooperp/pico/pico-sdk/src/common/pico_sync/critical_section.c.o
                0x10000fe4                critical_section_init_with_lock_num
 .text.sleep_until_callback
                0x10000ff8       0x30 CMakeFiles/pico_hostname_resolver.dir/home/cooperp/pico/pico-sdk/src/common/pico_time/time.c.o
 .text.alarm_pool_irq_handler
                0x10001028      0x2fc CMakeFiles/pico_hostname_resolver.dir/home/cooperp/pico/pico-sdk/src/common/pico_time/time.c.o
 .text.runtime_init_default_alarm_pool
                0x10001324       0xdc CMakeFiles/pico_hostname_resolver.dir/home/cooperp/pico/pico-sdk/src/common/pico_time/time.c.o
                0x10001324                runtime_init_default_alarm_pool
 .text.alarm_pool_get_default
                0x10001400        0x8 CMakeFiles/pico_hostname_resolver.dir/home/cooperp/pico/pico-sdk/src/common/pico_time/time.c.o
                0x10001400                alarm_pool_get_default
 .text.alarm_pool_add_alarm_at
                0x10001408       0xd4 CMakeFiles/pico_hostname_resolver.dir/home/cooperp/pico/pico-sdk/src/common/pico_time/time.c.o
                0x10001408                alarm_pool_add_alarm_at
 .text.alarm_pool_add_alarm_at_force_in_context
                0x100014dc       0xb0 CMakeFiles/pico_hostname_resolver.dir/home/cooperp/pico/pico-sdk/src/common/pico_time/time.c.o
                0x100014dc                alarm_pool_add_alarm_at_force_in_context
 .text.alarm_pool_cancel_alarm
                0x1000158c       0x74 CMakeFiles/pico_hostname_resolver.dir/home/cooperp/pico/pico-sdk/src/common/pico_time/time.c.o
                0x1000158c                alarm_pool_cancel_alarm
 .text.alarm_pool_core_num
                0x10001600        0x4 CMakeFiles/pico_hostname_resolver.dir/home/cooperp/pico/pico-sdk/src/common/pico_time/time.c.o
                0x10001600                alarm_pool_core_num
 .text.sleep_until
                0x10001604       0xd8 CMakeFiles/pico_hostname_resolver.dir/home/cooperp/pico/pico-sdk/src/common/pico_time/time.c.o
                0x10001604                sleep_until
 .text.sleep_ms
                0x100016dc       0x38 CMakeFiles/pico_hostname_resolver.dir/home/cooperp/pico/pico-sdk/src/common/pico_time/time.c.o
                0x100016dc                sleep_ms
 .text.best_effort_wfe_or_timeout
                0x10001714       0xf8 CMakeFiles/pico_hostname_resolver.dir/home/cooperp/pico/pico-sdk/src/common/pico_time/time.c.o
                0x10001714                best_effort_wfe_or_timeout
 .text.timer_hardware_alarm_claim
                0x1000180c       0x14 CMakeFiles/pico_hostname_resolver.dir/home/cooperp/pico/pico-sdk/src/rp2_common/hardware_timer/timer.c.o
                0x1000180c                timer_hardware_alarm_claim
 .text.timer_time_us_64
                0x10001820       0x10 CMakeFiles/pico_hostname_resolver.dir/home/cooperp/pico/pico-sdk/src/rp2_common/hardware_timer/timer.c.o
                0x10001820                timer_time_us_64
 .text.time_us_64
                0x10001830       0x14 CMakeFiles/pico_hostname_resolver.dir/home/cooperp/pico/pico-sdk/src/rp2_common/hardware_timer/timer.c.o
                0x10001830                time_us_64
 .text.busy_wait_until
                0x10001844       0x20 CMakeFiles/pico_hostname_resolver.dir/home/cooperp/pico/pico-sdk/src/rp2_common/hardware_timer/timer.c.o
                0x10001844                busy_wait_until
 .text.clock_configure_int_divider
                0x10001864       0xf4 CMakeFiles/pico_hostname_resolver.dir/home/cooperp/pico/pico-sdk/src/rp2_common/hardware_clocks/clocks.c.o
                0x10001864                clock_configure_int_divider
 .text.clock_configure_undivided
                0x10001958       0xe8 CMakeFiles/pico_hostname_resolver.dir/home/cooperp/pico/pico-sdk/src/rp2_common/hardware_clocks/clocks.c.o
                0x10001958                clock_configure_undivided
 .text.clock_get_hz
                0x10001a40        0xc CMakeFiles/pico_hostname_resolver.dir/home/cooperp/pico/pico-sdk/src/rp2_common/hardware_clocks/clocks.c.o
                0x10001a40                clock_get_hz
 .text.pll_init
                0x10001a4c       0xa4 CMakeFiles/pico_hostname_resolver.dir/home/cooperp/pico/pico-sdk/src/rp2_common/hardware_pll/pll.c.o
                0x10001a4c                pll_init
 .text.watchdog_reboot
                0x10001af0       0x9c CMakeFiles/pico_hostname_resolver.dir/home/cooperp/pico/pico-sdk/src/rp2_common/hardware_watchdog/watchdog.c.o
                0x10001af0                watchdog_reboot
 .text.tick_start
                0x10001b8c       0x10 CMakeFiles/pico_hostname_resolver.dir/home/cooperp/pico/pico-sdk/src/rp2_common/hardware_ticks/ticks.c.o
                0x10001b8c                tick_start
 .text.rom_func_lookup
                0x10001b9c       0x10 CMakeFiles/pico_hostname_resolver.dir/home/cooperp/pico/pico-sdk/src/rp2_common/pico_bootrom/bootrom.c.o
                0x10001b9c                rom_func_lookup
 .text.rom_data_lookup
                0x10001bac       0x10 CMakeFiles/pico_hostname_resolver.dir/home/cooperp/pico/pico-sdk/src/rp2_common/pico_bootrom/bootrom.c.o
                0x10001bac                rom_data_lookup
 .text.rom_funcs_lookup
                0x10001bbc       0x44 CMakeFiles/pico_hostname_resolver.dir/home/cooperp/pico/pico-sdk/src/rp2_common/pico_bootrom/bootrom.c.o
                0x10001bbc                rom_funcs_lookup
 .text.rom_reset_usb_boot_extra
                0x10001c00       0x28 CMakeFiles/pico_hostname_resolver.dir/home/cooperp/pico/pico-sdk/src/rp2_common/pico_bootrom/bootrom.c.o
                0x10001c00                rom_reset_usb_boot_extra
 .text.xosc_init
                0x10001c28       0x28 CMakeFiles/pico_hostname_resolver.dir/home/cooperp/pico/pico-sdk/src/rp2_common/hardware_xosc/xosc.c.o
                0x10001c28                xosc_init
 .text.first_per_core_initializer
                0x10001c50        0x4 CMakeFiles/pico_hostname_resolver.dir/home/cooperp/pico/pico-sdk/src/rp2_common/pico_runtime/runtime.c.o
 .text.hard_assertion_failure
                0x10001c54        0xc CMakeFiles/pico_hostname_resolver.dir/home/cooperp/pico/pico-sdk/src/rp2_common/pico_runtime/runtime.c.o
                0x10001c54                hard_assertion_failure
 .text.runtime_run_initializers
                0x10001c60       0x28 CMakeFiles/pico_hostname_resolver.dir/home/cooperp/pico/pico-sdk/src/rp2_common/pico_runtime/runtime.c.o
                0x10001c60                runtime_run_initializers
 .text.runtime_init_early_resets
                0x10001c88       0x2c CMakeFiles/pico_hostname_resolver.dir/home/cooperp/pico/pico-sdk/src/rp2_common/pico_runtime_init/runtime_init.c.o
                0x10001c88                runtime_init_early_resets
 .text.runtime_init_usb_power_down
                0x10001cb4       0x1c CMakeFiles/pico_hostname_resolver.dir/home/cooperp/pico/pico-sdk/src/rp2_common/pico_runtime_init/runtime_init.c.o
                0x10001cb4                runtime_init_usb_power_down
 .text.runtime_init_post_clock_resets
                0x10001cd0       0x20 CMakeFiles/pico_hostname_resolver.dir/home/cooperp/pico/pico-sdk/src/rp2_common/pico_runtime_init/runtime_init.c.o
                0x10001cd0                runtime_init_post_clock_resets
 .text.runtime_init_rp2040_gpio_ie_disable
                0x10001cf0       0x14 CMakeFiles/pico_hostname_resolver.dir/home/cooperp/pico/pico-sdk/src/rp2_common/pico_runtime_init/runtime_init.c.o
                0x10001cf0                runtime_init_rp2040_gpio_ie_disable
 .text.runtime_init_spin_locks_reset
                0x10001d04        0x8 CMakeFiles/pico_hostname_resolver.dir/home/cooperp/pico/pico-sdk/src/rp2_common/pico_runtime_init/runtime_init.c.o
                0x10001d04                runtime_init_spin_locks_reset
 .text.runtime_init_install_ram_vector_table
                0x10001d0c       0xb4 CMakeFiles/pico_hostname_resolver.dir/home/cooperp/pico/pico-sdk/src/rp2_common/pico_runtime_init/runtime_init.c.o
                0x10001d0c                runtime_init_install_ram_vector_table
 .text.runtime_init_clocks
                0x10001dc0       0xd8 CMakeFiles/pico_hostname_resolver.dir/home/cooperp/pico/pico-sdk/src/rp2_common/pico_runtime_init/runtime_init_clocks.c.o
                0x10001dc0                runtime_init_clocks
 .text          0x10001e98       0x10 CMakeFiles/pico_hostname_resolver.dir/home/cooperp/pico/pico-sdk/src/rp2_common/pico_bit_ops/bit_ops_aeabi.S.o
 .text.ctzsi    0x10001ea8        0xc CMakeFiles/pico_hostname_resolver.dir/home/cooperp/pico/pico-sdk/src/rp2_common/pico_bit_ops/bit_ops_aeabi.S.o
                0x10001ea8                __wrap___ctzsi2
 .text.__wrap___aeabi_idiv
                0x10001eb4       0x50 CMakeFiles/pico_hostname_resolver.dir/home/cooperp/pico/pico-sdk/src/rp2_common/pico_divider/divider_hardware.S.o
                0x10001eb4                __wrap___aeabi_idivmod
                0x10001eb4                divmod_s32s32
                0x10001eb4                div_s32s32
                0x10001eb4                __wrap___aeabi_idiv
                0x10001ebc                divmod_s32s32_unsafe
                0x10001ee8                divmod_s32s32_savestate
 .text.__wrap___aeabi_uidiv
                0x10001f04       0x4c CMakeFiles/pico_hostname_resolver.dir/home/cooperp/pico/pico-sdk/src/rp2_common/pico_divider/divider_hardware.S.o
                0x10001f04                __wrap___aeabi_uidiv
                0x10001f04                __wrap___aeabi_uidivmod
                0x10001f04                div_u32u32
                0x10001f04                divmod_u32u32
                0x10001f0c                divmod_u32u32_unsafe
                0x10001f34                divmod_u32u32_savestate
 .text.__wrap___aeabi_ldiv
                0x10001f50      0x424 CMakeFiles/pico_hostname_resolver.dir/home/cooperp/pico/pico-sdk/src/rp2_common/pico_divider/divider_hardware.S.o
                0x10001f50                div_s64s64
                0x10001f50                divmod_s64s64
                0x10001f50                __wrap___aeabi_ldivmod
                0x10001f80                div_u64u64
                0x10001f80                divmod_u64u64
                0x10001f80                __wrap___aeabi_uldivmod
                0x10001f90                divmod_u64u64_savestate
                0x10001fb0                divmod_s64s64_unsafe
                0x10002038                divmod_u64u64_unsafe
 .text.__wrap___aeabi_darithmetic
                0x10002374       0x60 CMakeFiles/pico_hostname_resolver.dir/home/cooperp/pico/pico-sdk/src/rp2_common/pico_double/double_aeabi_rp2040.S.o
                0x10002374                __wrap___aeabi_drsub
                0x1000237a                __wrap___aeabi_dsub
                0x10002384                __wrap___aeabi_dadd
                0x1000238e                __wrap___aeabi_ddiv
                0x100023c2                __wrap___aeabi_dmul
 .text.__wrap___aeabi_cdcmple
                0x100023d4       0x6c CMakeFiles/pico_hostname_resolver.dir/home/cooperp/pico/pico-sdk/src/rp2_common/pico_double/double_aeabi_rp2040.S.o
                0x100023d4                __wrap___aeabi_cdrcmple
                0x100023e4                __wrap___aeabi_cdcmple
                0x100023e4                __wrap___aeabi_cdcmpeq
 .text.__wrap___aeabi_dcmplt
                0x10002440        0xc CMakeFiles/pico_hostname_resolver.dir/home/cooperp/pico/pico-sdk/src/rp2_common/pico_double/double_aeabi_rp2040.S.o
                0x10002440                __wrap___aeabi_dcmplt
 .text.__wrap___aeabi_dcmpge
                0x1000244c       0x10 CMakeFiles/pico_hostname_resolver.dir/home/cooperp/pico/pico-sdk/src/rp2_common/pico_double/double_aeabi_rp2040.S.o
                0x1000244c                __wrap___aeabi_dcmpge
 .text.__wrap___aeabi_dcmpgt
                0x1000245c        0xa CMakeFiles/pico_hostname_resolver.dir/home/cooperp/pico/pico-sdk/src/rp2_common/pico_double/double_aeabi_rp2040.S.o
                0x1000245c                __wrap___aeabi_dcmpgt
 .text.__wrap___aeabi_dcmpun
                0x10002466       0x18 CMakeFiles/pico_hostname_resolver.dir/home/cooperp/pico/pico-sdk/src/rp2_common/pico_double/double_aeabi_rp2040.S.o
                0x10002466                __wrap___aeabi_dcmpun
 *fill*         0x1000247e        0x2 
 .text.__wrap___aeabi_i2d
                0x10002480       0x38 CMakeFiles/pico_hostname_resolver.dir/home/cooperp/pico/pico-sdk/src/rp2_common/pico_double/double_aeabi_rp2040.S.o
                0x10002480                __wrap___aeabi_ui2d
                0x10002480                uint2double
                0x10002488                __wrap___aeabi_i2d
                0x10002488                int2double
 .text.__wrap___aeabi_d2iz
                0x100024b8       0x48 CMakeFiles/pico_hostname_resolver.dir/home/cooperp/pico/pico-sdk/src/rp2_common/pico_double/double_aeabi_rp2040.S.o
                0x100024b8                __wrap___aeabi_d2iz
                0x100024b8                double2int_z
 .text.__wrap___aeabi_d2uiz
                0x10002500       0x10 CMakeFiles/pico_hostname_resolver.dir/home/cooperp/pico/pico-sdk/src/rp2_common/pico_double/double_aeabi_rp2040.S.o
                0x10002500                double2uint_z
                0x10002500                double2uint
                0x10002500                __wrap___aeabi_d2uiz
 .text.missing_double_func_shim
                0x10002510        0xc CMakeFiles/pico_hostname_resolver.dir/home/cooperp/pico/pico-sdk/src/rp2_common/pico_double/double_init_rom_rp2040.c.o
 .text.__aeabi_double_init
                0x1000251c       0xa0 CMakeFiles/pico_hostname_resolver.dir/home/cooperp/pico/pico-sdk/src/rp2_common/pico_double/double_init_rom_rp2040.c.o
                0x1000251c                __aeabi_double_init
 .text.double_table_shim_on_use_helper
                0x100025bc       0x2c CMakeFiles/pico_hostname_resolver.dir/home/cooperp/pico/pico-sdk/src/rp2_common/pico_double/double_v1_rom_shim_rp2040.S.o
                0x100025bc                double_table_shim_on_use_helper
 .text.__aeabi_lmul
                0x100025e8       0x32 CMakeFiles/pico_hostname_resolver.dir/home/cooperp/pico/pico-sdk/src/rp2_common/pico_int64_ops/pico_int64_ops_aeabi.S.o
                0x100025e8                __wrap___aeabi_lmul
 *fill*         0x1000261a        0x2 
 .text.missing_float_func_shim
                0x1000261c        0xc CMakeFiles/pico_hostname_resolver.dir/home/cooperp/pico/pico-sdk/src/rp2_common/pico_float/float_init_rom_rp2040.c.o
 .text.__aeabi_float_init
                0x10002628       0x5c CMakeFiles/pico_hostname_resolver.dir/home/cooperp/pico/pico-sdk/src/rp2_common/pico_float/float_init_rom_rp2040.c.o
                0x10002628                __aeabi_float_init
 .text          0x10002684       0x10 CMakeFiles/pico_hostname_resolver.dir/home/cooperp/pico/pico-sdk/src/rp2_common/pico_mem_ops/mem_ops_aeabi.S.o
                0x10002684                __aeabi_mem_init
 .text.memset   0x10002694        0xc CMakeFiles/pico_hostname_resolver.dir/home/cooperp/pico/pico-sdk/src/rp2_common/pico_mem_ops/mem_ops_aeabi.S.o
                0x10002694                __wrap_memset
 .text.memcpy   0x100026a0        0xc CMakeFiles/pico_hostname_resolver.dir/home/cooperp/pico/pico-sdk/src/rp2_common/pico_mem_ops/mem_ops_aeabi.S.o
                0x100026a0                __wrap___aeabi_memcpy
                0x100026a0                __wrap_memcpy
 .text._out_buffer
                0x100026ac        0x8 CMakeFiles/pico_hostname_resolver.dir/home/cooperp/pico/pico-sdk/src/rp2_common/pico_printf/printf.c.o
 .text._out_null
                0x100026b4        0x4 CMakeFiles/pico_hostname_resolver.dir/home/cooperp/pico/pico-sdk/src/rp2_common/pico_printf/printf.c.o
 .text._out_rev
                0x100026b8       0xac CMakeFiles/pico_hostname_resolver.dir/home/cooperp/pico/pico-sdk/src/rp2_common/pico_printf/printf.c.o
 .text._ntoa_format
                0x10002764      0x250 CMakeFiles/pico_hostname_resolver.dir/home/cooperp/pico/pico-sdk/src/rp2_common/pico_printf/printf.c.o
 .text._out_char
                0x100029b4       0x10 CMakeFiles/pico_hostname_resolver.dir/home/cooperp/pico/pico-sdk/src/rp2_common/pico_printf/printf.c.o
 .text._out_fct
                0x100029c4       0x10 CMakeFiles/pico_hostname_resolver.dir/home/cooperp/pico/pico-sdk/src/rp2_common/pico_printf/printf.c.o
 .text._etoa    0x100029d4      0x464 CMakeFiles/pico_hostname_resolver.dir/home/cooperp/pico/pico-sdk/src/rp2_common/pico_printf/printf.c.o
 .text._ftoa    0x10002e38      0x3c0 CMakeFiles/pico_hostname_resolver.dir/home/cooperp/pico/pico-sdk/src/rp2_common/pico_printf/printf.c.o
 .text._vsnprintf
                0x100031f8      0xbc8 CMakeFiles/pico_hostname_resolver.dir/home/cooperp/pico/pico-sdk/src/rp2_common/pico_printf/printf.c.o
 .text.__wrap_snprintf
                0x10003dc0       0x28 CMakeFiles/pico_hostname_resolver.dir/home/cooperp/pico/pico-sdk/src/rp2_common/pico_printf/printf.c.o
                0x10003dc0                __wrap_snprintf
 .text.__wrap_vsnprintf
                0x10003de8       0x1c CMakeFiles/pico_hostname_resolver.dir/home/cooperp/pico/pico-sdk/src/rp2_common/pico_printf/printf.c.o
                0x10003de8                __wrap_vsnprintf
 .text.vfctprintf
                0x10003e04       0x20 CMakeFiles/pico_hostname_resolver.dir/home/cooperp/pico/pico-sdk/src/rp2_common/pico_printf/printf.c.o
                0x10003e04                vfctprintf
 .text.weak_raw_vprintf
                0x10003e24       0x30 CMakeFiles/pico_hostname_resolver.dir/home/cooperp/pico/pico-sdk/src/rp2_common/pico_printf/printf.c.o
                0x10003e24                weak_raw_vprintf
 .text._exit    0x10003e54        0x4 CMakeFiles/pico_hostname_resolver.dir/home/cooperp/pico/pico-sdk/src/rp2_common/pico_clib_interface/newlib_interface.c.o
                0x10003e54                _exit
 .text._times   0x10003e58       0x24 CMakeFiles/pico_hostname_resolver.dir/home/cooperp/pico/pico-sdk/src/rp2_common/pico_clib_interface/newlib_interface.c.o
                0x10003e58                _times
 .text.exit     0x10003e7c        0x8 CMakeFiles/pico_hostname_resolver.dir/home/cooperp/pico/pico-sdk/src/rp2_common/pico_clib_interface/newlib_interface.c.o
                0x10003e7c                exit
 .text.runtime_init
                0x10003e84       0x2c CMakeFiles/pico_hostname_resolver.dir/home/cooperp/pico/pico-sdk/src/rp2_common/pico_clib_interface/newlib_interface.c.o
                0x10003e84                runtime_init
 .text.stdio_out_chars_no_crlf
                0x10003eb0       0x10 CMakeFiles/pico_hostname_resolver.dir/home/cooperp/pico/pico-sdk/src/rp2_common/pico_stdio/stdio.c.o
 .text.stdio_out_chars_crlf
                0x10003ec0       0x94 CMakeFiles/pico_hostname_resolver.dir/home/cooperp/pico/pico-sdk/src/rp2_common/pico_stdio/stdio.c.o
 .text.stdio_buffered_printer
                0x10003f54       0x64 CMakeFiles/pico_hostname_resolver.dir/home/cooperp/pico/pico-sdk/src/rp2_common/pico_stdio/stdio.c.o
 .text.stdio_put_string
                0x10003fb8      0x100 CMakeFiles/pico_hostname_resolver.dir/home/cooperp/pico/pico-sdk/src/rp2_common/pico_stdio/stdio.c.o
                0x10003fb8                stdio_put_string
 .text.stdio_set_driver_enabled
                0x100040b8       0x30 CMakeFiles/pico_hostname_resolver.dir/home/cooperp/pico/pico-sdk/src/rp2_common/pico_stdio/stdio.c.o
                0x100040b8                stdio_set_driver_enabled
 .text.stdio_init_all
                0x100040e8        0x8 CMakeFiles/pico_hostname_resolver.dir/home/cooperp/pico/pico-sdk/src/rp2_common/pico_stdio/stdio.c.o
                0x100040e8                stdio_init_all
 .text.__wrap_putchar
                0x100040f0       0x98 CMakeFiles/pico_hostname_resolver.dir/home/cooperp/pico/pico-sdk/src/rp2_common/pico_stdio/stdio.c.o
                0x100040f0                stdio_putchar
                0x100040f0                __wrap_putchar
 .text.__wrap_puts
                0x10004188       0x3c CMakeFiles/pico_hostname_resolver.dir/home/cooperp/pico/pico-sdk/src/rp2_common/pico_stdio/stdio.c.o
                0x10004188                __wrap_puts
                0x10004188                stdio_puts
 .text.__wrap_vprintf
                0x100041c4       0xd4 CMakeFiles/pico_hostname_resolver.dir/home/cooperp/pico/pico-sdk/src/rp2_common/pico_stdio/stdio.c.o
                0x100041c4                __wrap_vprintf
                0x100041c4                stdio_vprintf
 .text.__wrap_printf
                0x10004298       0x18 CMakeFiles/pico_hostname_resolver.dir/home/cooperp/pico/pico-sdk/src/rp2_common/pico_stdio/stdio.c.o
                0x10004298                stdio_printf
                0x10004298                __wrap_printf
 .text.resetd_init
                0x100042b0        0x4 CMakeFiles/pico_hostname_resolver.dir/home/cooperp/pico/pico-sdk/src/rp2_common/pico_stdio_usb/reset_interface.c.o
 .text.resetd_reset
                0x100042b4        0xc CMakeFiles/pico_hostname_resolver.dir/home/cooperp/pico/pico-sdk/src/rp2_common/pico_stdio_usb/reset_interface.c.o
 .text.resetd_open
                0x100042c0       0x28 CMakeFiles/pico_hostname_resolver.dir/home/cooperp/pico/pico-sdk/src/rp2_common/pico_stdio_usb/reset_interface.c.o
 .text.resetd_xfer_cb
                0x100042e8        0x4 CMakeFiles/pico_hostname_resolver.dir/home/cooperp/pico/pico-sdk/src/rp2_common/pico_stdio_usb/reset_interface.c.o
 .text.resetd_control_xfer_cb
                0x100042ec       0x5c CMakeFiles/pico_hostname_resolver.dir/home/cooperp/pico/pico-sdk/src/rp2_common/pico_stdio_usb/reset_interface.c.o
 .text.tud_descriptor_bos_cb
                0x10004348        0x8 CMakeFiles/pico_hostname_resolver.dir/home/cooperp/pico/pico-sdk/src/rp2_common/pico_stdio_usb/reset_interface.c.o
                0x10004348                tud_descriptor_bos_cb
 .text.tud_vendor_control_xfer_cb
                0x10004350       0x34 CMakeFiles/pico_hostname_resolver.dir/home/cooperp/pico/pico-sdk/src/rp2_common/pico_stdio_usb/reset_interface.c.o
                0x10004350                tud_vendor_control_xfer_cb
 .text.usbd_app_driver_get_cb
                0x10004384        0xc CMakeFiles/pico_hostname_resolver.dir/home/cooperp/pico/pico-sdk/src/rp2_common/pico_stdio_usb/reset_interface.c.o
                0x10004384                usbd_app_driver_get_cb
 .text.tud_cdc_line_coding_cb
                0x10004390       0x2c CMakeFiles/pico_hostname_resolver.dir/home/cooperp/pico/pico-sdk/src/rp2_common/pico_stdio_usb/reset_interface.c.o
                0x10004390                tud_cdc_line_coding_cb
 .text.stdio_usb_set_chars_available_callback
                0x100043bc       0x14 CMakeFiles/pico_hostname_resolver.dir/home/cooperp/pico/pico-sdk/src/rp2_common/pico_stdio_usb/stdio_usb.c.o
                0x100043bc                stdio_usb_set_chars_available_callback
 .text.usb_irq  0x100043d0       0x10 CMakeFiles/pico_hostname_resolver.dir/home/cooperp/pico/pico-sdk/src/rp2_common/pico_stdio_usb/stdio_usb.c.o
 .text.timer_task
                0x100043e0       0x64 CMakeFiles/pico_hostname_resolver.dir/home/cooperp/pico/pico-sdk/src/rp2_common/pico_stdio_usb/stdio_usb.c.o
 .text.stdio_usb_in_chars
                0x10004444       0x90 CMakeFiles/pico_hostname_resolver.dir/home/cooperp/pico/pico-sdk/src/rp2_common/pico_stdio_usb/stdio_usb.c.o
                0x10004444                stdio_usb_in_chars
 .text.stdio_usb_out_flush
                0x100044d4       0x50 CMakeFiles/pico_hostname_resolver.dir/home/cooperp/pico/pico-sdk/src/rp2_common/pico_stdio_usb/stdio_usb.c.o
 .text.stdio_usb_out_chars
                0x10004524      0x104 CMakeFiles/pico_hostname_resolver.dir/home/cooperp/pico/pico-sdk/src/rp2_common/pico_stdio_usb/stdio_usb.c.o
 .text.low_priority_worker_irq
                0x10004628       0xcc CMakeFiles/pico_hostname_resolver.dir/home/cooperp/pico/pico-sdk/src/rp2_common/pico_stdio_usb/stdio_usb.c.o
 .text.stdio_usb_init
                0x100046f4       0xec CMakeFiles/pico_hostname_resolver.dir/home/cooperp/pico/pico-sdk/src/rp2_common/pico_stdio_usb/stdio_usb.c.o
                0x100046f4                stdio_usb_init
 .text.tud_descriptor_device_cb
                0x100047e0        0x8 CMakeFiles/pico_hostname_resolver.dir/home/cooperp/pico/pico-sdk/src/rp2_common/pico_stdio_usb/stdio_usb_descriptors.c.o
                0x100047e0                tud_descriptor_device_cb
 .text.tud_descriptor_configuration_cb
                0x100047e8        0x8 CMakeFiles/pico_hostname_resolver.dir/home/cooperp/pico/pico-sdk/src/rp2_common/pico_stdio_usb/stdio_usb_descriptors.c.o
                0x100047e8                tud_descriptor_configuration_cb
 .text.tud_descriptor_string_cb
                0x100047f0       0x78 CMakeFiles/pico_hostname_resolver.dir/home/cooperp/pico/pico-sdk/src/rp2_common/pico_stdio_usb/stdio_usb_descriptors.c.o
                0x100047f0                tud_descriptor_string_cb
 .text.startup._retrieve_unique_id_on_boot
                0x10004868       0x10 CMakeFiles/pico_hostname_resolver.dir/home/cooperp/pico/pico-sdk/src/rp2_common/pico_unique_id/unique_id.c.o
 .text.pico_get_unique_board_id
                0x10004878       0x10 CMakeFiles/pico_hostname_resolver.dir/home/cooperp/pico/pico-sdk/src/rp2_common/pico_unique_id/unique_id.c.o
                0x10004878                pico_get_unique_board_id
 .text.pico_get_unique_board_id_string
                0x10004888      0x1a8 CMakeFiles/pico_hostname_resolver.dir/home/cooperp/pico/pico-sdk/src/rp2_common/pico_unique_id/unique_id.c.o
                0x10004888                pico_get_unique_board_id_string
 .text.flash_get_unique_id
                0x10004a30       0x3c CMakeFiles/pico_hostname_resolver.dir/home/cooperp/pico/pico-sdk/src/rp2_common/hardware_flash/flash.c.o
                0x10004a30                flash_get_unique_id
 .text.dcd_init
                0x10004a6c       0x90 CMakeFiles/pico_hostname_resolver.dir/home/cooperp/pico/pico-sdk/lib/tinyusb/src/portable/raspberrypi/rp2040/dcd_rp2040.c.o
                0x10004a6c                dcd_init
 .text.dcd_int_enable
                0x10004afc        0xc CMakeFiles/pico_hostname_resolver.dir/home/cooperp/pico/pico-sdk/lib/tinyusb/src/portable/raspberrypi/rp2040/dcd_rp2040.c.o
                0x10004afc                dcd_int_enable
 .text.dcd_set_address
                0x10004b08       0x14 CMakeFiles/pico_hostname_resolver.dir/home/cooperp/pico/pico-sdk/lib/tinyusb/src/portable/raspberrypi/rp2040/dcd_rp2040.c.o
                0x10004b08                dcd_set_address
 .text.dcd_sof_enable
                0x10004b1c       0x1c CMakeFiles/pico_hostname_resolver.dir/home/cooperp/pico/pico-sdk/lib/tinyusb/src/portable/raspberrypi/rp2040/dcd_rp2040.c.o
                0x10004b1c                dcd_sof_enable
 .text.dcd_edpt0_status_complete
                0x10004b38       0x1c CMakeFiles/pico_hostname_resolver.dir/home/cooperp/pico/pico-sdk/lib/tinyusb/src/portable/raspberrypi/rp2040/dcd_rp2040.c.o
                0x10004b38                dcd_edpt0_status_complete
 .text.dcd_edpt_open
                0x10004b54      0x114 CMakeFiles/pico_hostname_resolver.dir/home/cooperp/pico/pico-sdk/lib/tinyusb/src/portable/raspberrypi/rp2040/dcd_rp2040.c.o
                0x10004b54                dcd_edpt_open
 .text.dcd_edpt_close_all
                0x10004c68        0x8 CMakeFiles/pico_hostname_resolver.dir/home/cooperp/pico/pico-sdk/lib/tinyusb/src/portable/raspberrypi/rp2040/dcd_rp2040.c.o
                0x10004c68                dcd_edpt_close_all
 .text.dcd_edpt_xfer
                0x10004c70       0x24 CMakeFiles/pico_hostname_resolver.dir/home/cooperp/pico/pico-sdk/lib/tinyusb/src/portable/raspberrypi/rp2040/dcd_rp2040.c.o
                0x10004c70                dcd_edpt_xfer
 .text.dcd_edpt_stall
                0x10004c94       0x34 CMakeFiles/pico_hostname_resolver.dir/home/cooperp/pico/pico-sdk/lib/tinyusb/src/portable/raspberrypi/rp2040/dcd_rp2040.c.o
                0x10004c94                dcd_edpt_stall
 .text.dcd_edpt_clear_stall
                0x10004cc8       0x30 CMakeFiles/pico_hostname_resolver.dir/home/cooperp/pico/pico-sdk/lib/tinyusb/src/portable/raspberrypi/rp2040/dcd_rp2040.c.o
                0x10004cc8                dcd_edpt_clear_stall
 .text.rp2040_usb_init
                0x10004cf8       0x40 CMakeFiles/pico_hostname_resolver.dir/home/cooperp/pico/pico-sdk/lib/tinyusb/src/portable/raspberrypi/rp2040/rp2040_usb.c.o
                0x10004cf8                rp2040_usb_init
 .text.hw_endpoint_xfer_start
                0x10004d38       0x40 CMakeFiles/pico_hostname_resolver.dir/home/cooperp/pico/pico-sdk/lib/tinyusb/src/portable/raspberrypi/rp2040/rp2040_usb.c.o
                0x10004d38                hw_endpoint_xfer_start
 .text.tud_event_hook_cb
                0x10004d78        0x4 CMakeFiles/pico_hostname_resolver.dir/home/cooperp/pico/pico-sdk/lib/tinyusb/src/device/usbd.c.o
                0x10004d78                tud_event_hook_cb
 .text.tud_sof_cb
                0x10004d7c        0x4 CMakeFiles/pico_hostname_resolver.dir/home/cooperp/pico/pico-sdk/lib/tinyusb/src/device/usbd.c.o
                0x10004d7c                tud_sof_cb
 .text.tud_descriptor_device_qualifier_cb
                0x10004d80        0x4 CMakeFiles/pico_hostname_resolver.dir/home/cooperp/pico/pico-sdk/lib/tinyusb/src/device/usbd.c.o
                0x10004d80                tud_descriptor_device_qualifier_cb
 .text.tud_descriptor_other_speed_configuration_cb
                0x10004d84        0x4 CMakeFiles/pico_hostname_resolver.dir/home/cooperp/pico/pico-sdk/lib/tinyusb/src/device/usbd.c.o
                0x10004d84                tud_descriptor_other_speed_configuration_cb
 .text.tud_mount_cb
                0x10004d88        0x4 CMakeFiles/pico_hostname_resolver.dir/home/cooperp/pico/pico-sdk/lib/tinyusb/src/device/usbd.c.o
                0x10004d88                tud_mount_cb
 .text.tud_umount_cb
                0x10004d8c        0x4 CMakeFiles/pico_hostname_resolver.dir/home/cooperp/pico/pico-sdk/lib/tinyusb/src/device/usbd.c.o
                0x10004d8c                tud_umount_cb
 .text.tud_suspend_cb
                0x10004d90        0x4 CMakeFiles/pico_hostname_resolver.dir/home/cooperp/pico/pico-sdk/lib/tinyusb/src/device/usbd.c.o
                0x10004d90                tud_suspend_cb
 .text.tud_resume_cb
                0x10004d94        0x4 CMakeFiles/pico_hostname_resolver.dir/home/cooperp/pico/pico-sdk/lib/tinyusb/src/device/usbd.c.o
                0x10004d94                tud_resume_cb
 .text.tud_mounted
                0x10004d98       0x10 CMakeFiles/pico_hostname_resolver.dir/home/cooperp/pico/pico-sdk/lib/tinyusb/src/device/usbd.c.o
                0x10004d98                tud_mounted
 .text.tud_suspended
                0x10004da8       0x10 CMakeFiles/pico_hostname_resolver.dir/home/cooperp/pico/pico-sdk/lib/tinyusb/src/device/usbd.c.o
                0x10004da8                tud_suspended
 .text.tud_rhport_init
                0x10004db8       0xfc CMakeFiles/pico_hostname_resolver.dir/home/cooperp/pico/pico-sdk/lib/tinyusb/src/device/usbd.c.o
                0x10004db8                tud_rhport_init
 .text.tud_task_ext
                0x10004eb4      0x800 CMakeFiles/pico_hostname_resolver.dir/home/cooperp/pico/pico-sdk/lib/tinyusb/src/device/usbd.c.o
                0x10004eb4                tud_task_ext
 .text.usbd_open_edpt_pair
                0x100056b4       0x9c CMakeFiles/pico_hostname_resolver.dir/home/cooperp/pico/pico-sdk/lib/tinyusb/src/device/usbd.c.o
                0x100056b4                usbd_open_edpt_pair
 .text.usbd_edpt_open
                0x10005750       0x34 CMakeFiles/pico_hostname_resolver.dir/home/cooperp/pico/pico-sdk/lib/tinyusb/src/device/usbd.c.o
                0x10005750                usbd_edpt_open
 .text.usbd_edpt_claim
                0x10005784       0x28 CMakeFiles/pico_hostname_resolver.dir/home/cooperp/pico/pico-sdk/lib/tinyusb/src/device/usbd.c.o
                0x10005784                usbd_edpt_claim
 .text.usbd_edpt_release
                0x100057ac       0x28 CMakeFiles/pico_hostname_resolver.dir/home/cooperp/pico/pico-sdk/lib/tinyusb/src/device/usbd.c.o
                0x100057ac                usbd_edpt_release
 .text.usbd_edpt_xfer
                0x100057d4       0x4c CMakeFiles/pico_hostname_resolver.dir/home/cooperp/pico/pico-sdk/lib/tinyusb/src/device/usbd.c.o
                0x100057d4                usbd_edpt_xfer
 .text.tud_control_status
                0x10005820       0x2c CMakeFiles/pico_hostname_resolver.dir/home/cooperp/pico/pico-sdk/lib/tinyusb/src/device/usbd_control.c.o
                0x10005820                tud_control_status
 .text.tud_control_xfer
                0x1000584c       0xac CMakeFiles/pico_hostname_resolver.dir/home/cooperp/pico/pico-sdk/lib/tinyusb/src/device/usbd_control.c.o
                0x1000584c                tud_control_xfer
 .text.usbd_control_reset
                0x100058f8       0x14 CMakeFiles/pico_hostname_resolver.dir/home/cooperp/pico/pico-sdk/lib/tinyusb/src/device/usbd_control.c.o
                0x100058f8                usbd_control_reset
 .text.usbd_control_set_complete_callback
                0x1000590c        0xc CMakeFiles/pico_hostname_resolver.dir/home/cooperp/pico/pico-sdk/lib/tinyusb/src/device/usbd_control.c.o
                0x1000590c                usbd_control_set_complete_callback
 .text.usbd_control_set_request
                0x10005918       0x1c CMakeFiles/pico_hostname_resolver.dir/home/cooperp/pico/pico-sdk/lib/tinyusb/src/device/usbd_control.c.o
                0x10005918                usbd_control_set_request
 .text.usbd_control_xfer_cb
                0x10005934       0xec CMakeFiles/pico_hostname_resolver.dir/home/cooperp/pico/pico-sdk/lib/tinyusb/src/device/usbd_control.c.o
                0x10005934                usbd_control_xfer_cb
 .text._prep_out_transaction.isra.0
                0x10005a20       0x6c CMakeFiles/pico_hostname_resolver.dir/home/cooperp/pico/pico-sdk/lib/tinyusb/src/class/cdc/cdc_device.c.o
 .text.tud_cdc_n_connected
                0x10005a8c       0x2c CMakeFiles/pico_hostname_resolver.dir/home/cooperp/pico/pico-sdk/lib/tinyusb/src/class/cdc/cdc_device.c.o
                0x10005a8c                tud_cdc_n_connected
 .text.tud_cdc_n_available
                0x10005ab8       0x14 CMakeFiles/pico_hostname_resolver.dir/home/cooperp/pico/pico-sdk/lib/tinyusb/src/class/cdc/cdc_device.c.o
                0x10005ab8                tud_cdc_n_available
 .text.tud_cdc_n_read
                0x10005acc       0x94 CMakeFiles/pico_hostname_resolver.dir/home/cooperp/pico/pico-sdk/lib/tinyusb/src/class/cdc/cdc_device.c.o
                0x10005acc                tud_cdc_n_read
 .text.tud_cdc_n_write_flush
                0x10005b60       0x74 CMakeFiles/pico_hostname_resolver.dir/home/cooperp/pico/pico-sdk/lib/tinyusb/src/class/cdc/cdc_device.c.o
                0x10005b60                tud_cdc_n_write_flush
 .text.tud_cdc_n_write
                0x10005bd4       0x40 CMakeFiles/pico_hostname_resolver.dir/home/cooperp/pico/pico-sdk/lib/tinyusb/src/class/cdc/cdc_device.c.o
                0x10005bd4                tud_cdc_n_write
 .text.tud_cdc_n_write_available
                0x10005c14       0x14 CMakeFiles/pico_hostname_resolver.dir/home/cooperp/pico/pico-sdk/lib/tinyusb/src/class/cdc/cdc_device.c.o
                0x10005c14                tud_cdc_n_write_available
 .text.cdcd_init
                0x10005c28       0x70 CMakeFiles/pico_hostname_resolver.dir/home/cooperp/pico/pico-sdk/lib/tinyusb/src/class/cdc/cdc_device.c.o
                0x10005c28                cdcd_init
 .text.cdcd_deinit
                0x10005c98       0x34 CMakeFiles/pico_hostname_resolver.dir/home/cooperp/pico/pico-sdk/lib/tinyusb/src/class/cdc/cdc_device.c.o
                0x10005c98                cdcd_deinit
 .text.cdcd_reset
                0x10005ccc       0x4c CMakeFiles/pico_hostname_resolver.dir/home/cooperp/pico/pico-sdk/lib/tinyusb/src/class/cdc/cdc_device.c.o
                0x10005ccc                cdcd_reset
 .text.cdcd_open
                0x10005d18       0xa8 CMakeFiles/pico_hostname_resolver.dir/home/cooperp/pico/pico-sdk/lib/tinyusb/src/class/cdc/cdc_device.c.o
                0x10005d18                cdcd_open
 .text.cdcd_control_xfer_cb
                0x10005dc0       0xe8 CMakeFiles/pico_hostname_resolver.dir/home/cooperp/pico/pico-sdk/lib/tinyusb/src/class/cdc/cdc_device.c.o
                0x10005dc0                cdcd_control_xfer_cb
 .text.cdcd_xfer_cb
                0x10005ea8      0x100 CMakeFiles/pico_hostname_resolver.dir/home/cooperp/pico/pico-sdk/lib/tinyusb/src/class/cdc/cdc_device.c.o
                0x10005ea8                cdcd_xfer_cb
 .text.vendord_init
                0x10005fa8       0x5c CMakeFiles/pico_hostname_resolver.dir/home/cooperp/pico/pico-sdk/lib/tinyusb/src/class/vendor/vendor_device.c.o
                0x10005fa8                vendord_init
 .text.vendord_deinit
                0x10006004       0x1c CMakeFiles/pico_hostname_resolver.dir/home/cooperp/pico/pico-sdk/lib/tinyusb/src/class/vendor/vendor_device.c.o
                0x10006004                vendord_deinit
 .text.vendord_reset
                0x10006020       0x28 CMakeFiles/pico_hostname_resolver.dir/home/cooperp/pico/pico-sdk/lib/tinyusb/src/class/vendor/vendor_device.c.o
                0x10006020                vendord_reset
 .text.vendord_open
                0x10006048      0x128 CMakeFiles/pico_hostname_resolver.dir/home/cooperp/pico/pico-sdk/lib/tinyusb/src/class/vendor/vendor_device.c.o
                0x10006048                vendord_open
 .text.vendord_xfer_cb
                0x10006170       0x9c CMakeFiles/pico_hostname_resolver.dir/home/cooperp/pico/pico-sdk/lib/tinyusb/src/class/vendor/vendor_device.c.o
                0x10006170                vendord_xfer_cb
 .text.tusb_rhport_init
                0x1000620c       0x48 CMakeFiles/pico_hostname_resolver.dir/home/cooperp/pico/pico-sdk/lib/tinyusb/src/tusb.c.o
                0x1000620c                tusb_rhport_init
 .text.tu_edpt_claim
                0x10006254       0x50 CMakeFiles/pico_hostname_resolver.dir/home/cooperp/pico/pico-sdk/lib/tinyusb/src/tusb.c.o
                0x10006254                tu_edpt_claim
 .text.tu_edpt_release
                0x100062a4       0x38 CMakeFiles/pico_hostname_resolver.dir/home/cooperp/pico/pico-sdk/lib/tinyusb/src/tusb.c.o
                0x100062a4                tu_edpt_release
 .text.tu_edpt_validate
                0x100062dc       0x7c CMakeFiles/pico_hostname_resolver.dir/home/cooperp/pico/pico-sdk/lib/tinyusb/src/tusb.c.o
                0x100062dc                tu_edpt_validate
 .text.tu_edpt_bind_driver
                0x10006358       0x34 CMakeFiles/pico_hostname_resolver.dir/home/cooperp/pico/pico-sdk/lib/tinyusb/src/tusb.c.o
                0x10006358                tu_edpt_bind_driver
 .text.tu_edpt_stream_init
                0x1000638c       0x6c CMakeFiles/pico_hostname_resolver.dir/home/cooperp/pico/pico-sdk/lib/tinyusb/src/tusb.c.o
                0x1000638c                tu_edpt_stream_init
 .text.tu_edpt_stream_deinit
                0x100063f8        0x4 CMakeFiles/pico_hostname_resolver.dir/home/cooperp/pico/pico-sdk/lib/tinyusb/src/tusb.c.o
                0x100063f8                tu_edpt_stream_deinit
 .text.tu_edpt_stream_write_zlp_if_needed
                0x100063fc       0x68 CMakeFiles/pico_hostname_resolver.dir/home/cooperp/pico/pico-sdk/lib/tinyusb/src/tusb.c.o
                0x100063fc                tu_edpt_stream_write_zlp_if_needed
 .text.tu_edpt_stream_write_xfer
                0x10006464       0x64 CMakeFiles/pico_hostname_resolver.dir/home/cooperp/pico/pico-sdk/lib/tinyusb/src/tusb.c.o
                0x10006464                tu_edpt_stream_write_xfer
 .text.tu_edpt_stream_read_xfer
                0x100064c8       0xdc CMakeFiles/pico_hostname_resolver.dir/home/cooperp/pico/pico-sdk/lib/tinyusb/src/tusb.c.o
                0x100064c8                tu_edpt_stream_read_xfer
 .text.tu_fifo_config
                0x100065a4       0x6c CMakeFiles/pico_hostname_resolver.dir/home/cooperp/pico/pico-sdk/lib/tinyusb/src/common/tusb_fifo.c.o
                0x100065a4                tu_fifo_config
 .text.tu_fifo_count
                0x10006610       0x2c CMakeFiles/pico_hostname_resolver.dir/home/cooperp/pico/pico-sdk/lib/tinyusb/src/common/tusb_fifo.c.o
                0x10006610                tu_fifo_count
 .text.tu_fifo_empty
                0x1000663c       0x10 CMakeFiles/pico_hostname_resolver.dir/home/cooperp/pico/pico-sdk/lib/tinyusb/src/common/tusb_fifo.c.o
                0x1000663c                tu_fifo_empty
 .text.tu_fifo_remaining
                0x1000664c       0x2c CMakeFiles/pico_hostname_resolver.dir/home/cooperp/pico/pico-sdk/lib/tinyusb/src/common/tusb_fifo.c.o
                0x1000664c                tu_fifo_remaining
 .text.tu_fifo_read
                0x10006678       0x9c CMakeFiles/pico_hostname_resolver.dir/home/cooperp/pico/pico-sdk/lib/tinyusb/src/common/tusb_fifo.c.o
                0x10006678                tu_fifo_read
 .text.tu_fifo_read_n
                0x10006714       0xe8 CMakeFiles/pico_hostname_resolver.dir/home/cooperp/pico/pico-sdk/lib/tinyusb/src/common/tusb_fifo.c.o
                0x10006714                tu_fifo_read_n
 .text.tu_fifo_write
                0x100067fc       0xa8 CMakeFiles/pico_hostname_resolver.dir/home/cooperp/pico/pico-sdk/lib/tinyusb/src/common/tusb_fifo.c.o
                0x100067fc                tu_fifo_write
 .text.tu_fifo_write_n
                0x100068a4      0x178 CMakeFiles/pico_hostname_resolver.dir/home/cooperp/pico/pico-sdk/lib/tinyusb/src/common/tusb_fifo.c.o
                0x100068a4                tu_fifo_write_n
 .text.tu_fifo_clear
                0x10006a1c       0x40 CMakeFiles/pico_hostname_resolver.dir/home/cooperp/pico/pico-sdk/lib/tinyusb/src/common/tusb_fifo.c.o
                0x10006a1c                tu_fifo_clear
 .text.tu_fifo_set_overwritable
                0x10006a5c       0x48 CMakeFiles/pico_hostname_resolver.dir/home/cooperp/pico/pico-sdk/lib/tinyusb/src/common/tusb_fifo.c.o
                0x10006a5c                tu_fifo_set_overwritable
 .text.lwip_timeout_reached
                0x10006aa4        0x8 CMakeFiles/pico_hostname_resolver.dir/home/cooperp/pico/pico-sdk/src/rp2_common/pico_lwip/lwip_nosys.c.o
 .text.update_next_timeout
                0x10006aac       0x60 CMakeFiles/pico_hostname_resolver.dir/home/cooperp/pico/pico-sdk/src/rp2_common/pico_lwip/lwip_nosys.c.o
 .text.lwip_nosys_init
                0x10006b0c       0x30 CMakeFiles/pico_hostname_resolver.dir/home/cooperp/pico/pico-sdk/src/rp2_common/pico_lwip/lwip_nosys.c.o
                0x10006b0c                lwip_nosys_init
 .text.lwip_nosys_deinit
                0x10006b3c       0x20 CMakeFiles/pico_hostname_resolver.dir/home/cooperp/pico/pico-sdk/src/rp2_common/pico_lwip/lwip_nosys.c.o
                0x10006b3c                lwip_nosys_deinit
 .text.sys_arch_protect
                0x10006b5c        0x4 CMakeFiles/pico_hostname_resolver.dir/home/cooperp/pico/pico-sdk/src/rp2_common/pico_lwip/lwip_nosys.c.o
                0x10006b5c                sys_arch_protect
 .text.sys_arch_unprotect
                0x10006b60        0x4 CMakeFiles/pico_hostname_resolver.dir/home/cooperp/pico/pico-sdk/src/rp2_common/pico_lwip/lwip_nosys.c.o
                0x10006b60                sys_arch_unprotect
 .text.sys_now  0x10006b64       0x20 CMakeFiles/pico_hostname_resolver.dir/home/cooperp/pico/pico-sdk/src/rp2_common/pico_lwip/lwip_nosys.c.o
                0x10006b64                sys_now
 .text.async_context_base_add_at_time_worker
                0x10006b84       0x24 CMakeFiles/pico_hostname_resolver.dir/home/cooperp/pico/pico-sdk/src/rp2_common/pico_async_context/async_context_base.c.o
                0x10006b84                async_context_base_add_at_time_worker
 .text.async_context_base_remove_at_time_worker
                0x10006ba8       0x28 CMakeFiles/pico_hostname_resolver.dir/home/cooperp/pico/pico-sdk/src/rp2_common/pico_async_context/async_context_base.c.o
                0x10006ba8                async_context_base_remove_at_time_worker
 .text.async_context_base_add_when_pending_worker
                0x10006bd0       0x24 CMakeFiles/pico_hostname_resolver.dir/home/cooperp/pico/pico-sdk/src/rp2_common/pico_async_context/async_context_base.c.o
                0x10006bd0                async_context_base_add_when_pending_worker
 .text.async_context_base_remove_when_pending_worker
                0x10006bf4       0x28 CMakeFiles/pico_hostname_resolver.dir/home/cooperp/pico/pico-sdk/src/rp2_common/pico_async_context/async_context_base.c.o
                0x10006bf4                async_context_base_remove_when_pending_worker
 .text.async_context_base_execute_once
                0x10006c1c      0x108 CMakeFiles/pico_hostname_resolver.dir/home/cooperp/pico/pico-sdk/src/rp2_common/pico_async_context/async_context_base.c.o
                0x10006c1c                async_context_base_execute_once
 .text.splitmix64
                0x10006d24       0x58 CMakeFiles/pico_hostname_resolver.dir/home/cooperp/pico/pico-sdk/src/rp2_common/pico_rand/rand.c.o
 .text.xoroshiro128ss
                0x10006d7c       0x90 CMakeFiles/pico_hostname_resolver.dir/home/cooperp/pico/pico-sdk/src/rp2_common/pico_rand/rand.c.o
 .text.get_rand_64
                0x10006e0c      0x4a4 CMakeFiles/pico_hostname_resolver.dir/home/cooperp/pico/pico-sdk/src/rp2_common/pico_rand/rand.c.o
                0x10006e0c                get_rand_64
 .text.get_rand_32
                0x100072b0        0x8 CMakeFiles/pico_hostname_resolver.dir/home/cooperp/pico/pico-sdk/src/rp2_common/pico_rand/rand.c.o
                0x100072b0                get_rand_32
 .text.lwip_init
                0x100072b8       0x24 CMakeFiles/pico_hostname_resolver.dir/home/cooperp/pico/pico-sdk/lib/lwip/src/core/init.c.o
                0x100072b8                lwip_init
 .text.lwip_htons
                0x100072dc        0x8 CMakeFiles/pico_hostname_resolver.dir/home/cooperp/pico/pico-sdk/lib/lwip/src/core/def.c.o
                0x100072dc                lwip_htons
 .text.lwip_htonl
                0x100072e4        0x4 CMakeFiles/pico_hostname_resolver.dir/home/cooperp/pico/pico-sdk/lib/lwip/src/core/def.c.o
                0x100072e4                lwip_htonl
 .text.lwip_strnicmp
                0x100072e8       0x40 CMakeFiles/pico_hostname_resolver.dir/home/cooperp/pico/pico-sdk/lib/lwip/src/core/def.c.o
                0x100072e8                lwip_strnicmp
 .text.dns_call_found
                0x10007328      0x184 CMakeFiles/pico_hostname_resolver.dir/home/cooperp/pico/pico-sdk/lib/lwip/src/core/dns.c.o
 .text.dns_send.isra.0
                0x100074ac      0x174 CMakeFiles/pico_hostname_resolver.dir/home/cooperp/pico/pico-sdk/lib/lwip/src/core/dns.c.o
 .text.dns_check_entry
                0x10007620      0x130 CMakeFiles/pico_hostname_resolver.dir/home/cooperp/pico/pico-sdk/lib/lwip/src/core/dns.c.o
 .text.dns_recv
                0x10007750      0x380 CMakeFiles/pico_hostname_resolver.dir/home/cooperp/pico/pico-sdk/lib/lwip/src/core/dns.c.o
 .text.dns_init
                0x10007ad0        0x4 CMakeFiles/pico_hostname_resolver.dir/home/cooperp/pico/pico-sdk/lib/lwip/src/core/dns.c.o
                0x10007ad0                dns_init
 .text.dns_setserver
                0x10007ad4       0x24 CMakeFiles/pico_hostname_resolver.dir/home/cooperp/pico/pico-sdk/lib/lwip/src/core/dns.c.o
                0x10007ad4                dns_setserver
 .text.dns_getserver
                0x10007af8       0x18 CMakeFiles/pico_hostname_resolver.dir/home/cooperp/pico/pico-sdk/lib/lwip/src/core/dns.c.o
                0x10007af8                dns_getserver
 .text.dns_tmr  0x10007b10      0x140 CMakeFiles/pico_hostname_resolver.dir/home/cooperp/pico/pico-sdk/lib/lwip/src/core/dns.c.o
                0x10007b10                dns_tmr
 .text.dns_gethostbyname_addrtype
                0x10007c50      0x5e0 CMakeFiles/pico_hostname_resolver.dir/home/cooperp/pico/pico-sdk/lib/lwip/src/core/dns.c.o
                0x10007c50                dns_gethostbyname_addrtype
 .text.dns_gethostbyname
                0x10008230       0x10 CMakeFiles/pico_hostname_resolver.dir/home/cooperp/pico/pico-sdk/lib/lwip/src/core/dns.c.o
                0x10008230                dns_gethostbyname
 .text.lwip_standard_chksum
                0x10008240       0xdc CMakeFiles/pico_hostname_resolver.dir/home/cooperp/pico/pico-sdk/lib/lwip/src/core/inet_chksum.c.o
                0x10008240                lwip_standard_chksum
 .text.inet_chksum_pseudo
                0x1000831c       0xbc CMakeFiles/pico_hostname_resolver.dir/home/cooperp/pico/pico-sdk/lib/lwip/src/core/inet_chksum.c.o
                0x1000831c                inet_chksum_pseudo
 .text.ip_chksum_pseudo
                0x100083d8       0x10 CMakeFiles/pico_hostname_resolver.dir/home/cooperp/pico/pico-sdk/lib/lwip/src/core/inet_chksum.c.o
                0x100083d8                ip_chksum_pseudo
 .text.inet_chksum
                0x100083e8        0xc CMakeFiles/pico_hostname_resolver.dir/home/cooperp/pico/pico-sdk/lib/lwip/src/core/inet_chksum.c.o
                0x100083e8                inet_chksum
 .text.inet_chksum_pbuf
                0x100083f4       0x78 CMakeFiles/pico_hostname_resolver.dir/home/cooperp/pico/pico-sdk/lib/lwip/src/core/inet_chksum.c.o
                0x100083f4                inet_chksum_pbuf
 .text.mem_init
                0x1000846c       0x3c CMakeFiles/pico_hostname_resolver.dir/home/cooperp/pico/pico-sdk/lib/lwip/src/core/mem.c.o
                0x1000846c                mem_init
 .text.mem_free
                0x100084a8      0x130 CMakeFiles/pico_hostname_resolver.dir/home/cooperp/pico/pico-sdk/lib/lwip/src/core/mem.c.o
                0x100084a8                mem_free
 .text.mem_trim
                0x100085d8      0x104 CMakeFiles/pico_hostname_resolver.dir/home/cooperp/pico/pico-sdk/lib/lwip/src/core/mem.c.o
                0x100085d8                mem_trim
 .text.mem_malloc
                0x100086dc      0x124 CMakeFiles/pico_hostname_resolver.dir/home/cooperp/pico/pico-sdk/lib/lwip/src/core/mem.c.o
                0x100086dc                mem_malloc
 .text.memp_init
                0x10008800       0x6c CMakeFiles/pico_hostname_resolver.dir/home/cooperp/pico/pico-sdk/lib/lwip/src/core/memp.c.o
                0x10008800                memp_init
 .text.memp_malloc
                0x1000886c       0x40 CMakeFiles/pico_hostname_resolver.dir/home/cooperp/pico/pico-sdk/lib/lwip/src/core/memp.c.o
                0x1000886c                memp_malloc
 .text.memp_free
                0x100088ac       0x38 CMakeFiles/pico_hostname_resolver.dir/home/cooperp/pico/pico-sdk/lib/lwip/src/core/memp.c.o
                0x100088ac                memp_free
 .text.netif_null_output_ip4
                0x100088e4        0x8 CMakeFiles/pico_hostname_resolver.dir/home/cooperp/pico/pico-sdk/lib/lwip/src/core/netif.c.o
 .text.netif_do_set_ipaddr.isra.0
                0x100088ec       0x60 CMakeFiles/pico_hostname_resolver.dir/home/cooperp/pico/pico-sdk/lib/lwip/src/core/netif.c.o
 .text.netif_init
                0x1000894c        0x4 CMakeFiles/pico_hostname_resolver.dir/home/cooperp/pico/pico-sdk/lib/lwip/src/core/netif.c.o
                0x1000894c                netif_init
 .text.netif_add
                0x10008950      0x16c CMakeFiles/pico_hostname_resolver.dir/home/cooperp/pico/pico-sdk/lib/lwip/src/core/netif.c.o
                0x10008950                netif_add
 .text.netif_set_addr
                0x10008abc       0xb4 CMakeFiles/pico_hostname_resolver.dir/home/cooperp/pico/pico-sdk/lib/lwip/src/core/netif.c.o
                0x10008abc                netif_set_addr
 .text.netif_remove
                0x10008b70       0x94 CMakeFiles/pico_hostname_resolver.dir/home/cooperp/pico/pico-sdk/lib/lwip/src/core/netif.c.o
                0x10008b70                netif_remove
 .text.netif_set_default
                0x10008c04        0xc CMakeFiles/pico_hostname_resolver.dir/home/cooperp/pico/pico-sdk/lib/lwip/src/core/netif.c.o
                0x10008c04                netif_set_default
 .text.netif_set_up
                0x10008c10       0x40 CMakeFiles/pico_hostname_resolver.dir/home/cooperp/pico/pico-sdk/lib/lwip/src/core/netif.c.o
                0x10008c10                netif_set_up
 .text.netif_set_link_up
                0x10008c50       0x44 CMakeFiles/pico_hostname_resolver.dir/home/cooperp/pico/pico-sdk/lib/lwip/src/core/netif.c.o
                0x10008c50                netif_set_link_up
 .text.netif_set_link_down
                0x10008c94       0x20 CMakeFiles/pico_hostname_resolver.dir/home/cooperp/pico/pico-sdk/lib/lwip/src/core/netif.c.o
                0x10008c94                netif_set_link_down
 .text.netif_get_by_index
                0x10008cb4       0x2c CMakeFiles/pico_hostname_resolver.dir/home/cooperp/pico/pico-sdk/lib/lwip/src/core/netif.c.o
                0x10008cb4                netif_get_by_index
 .text.pbuf_free.part.0
                0x10008ce0       0x7c CMakeFiles/pico_hostname_resolver.dir/home/cooperp/pico/pico-sdk/lib/lwip/src/core/pbuf.c.o
 .text.pbuf_free_ooseq
                0x10008d5c       0x34 CMakeFiles/pico_hostname_resolver.dir/home/cooperp/pico/pico-sdk/lib/lwip/src/core/pbuf.c.o
                0x10008d5c                pbuf_free_ooseq
 .text.pbuf_alloc
                0x10008d90      0x134 CMakeFiles/pico_hostname_resolver.dir/home/cooperp/pico/pico-sdk/lib/lwip/src/core/pbuf.c.o
                0x10008d90                pbuf_alloc
 .text.pbuf_realloc
                0x10008ec4       0x84 CMakeFiles/pico_hostname_resolver.dir/home/cooperp/pico/pico-sdk/lib/lwip/src/core/pbuf.c.o
                0x10008ec4                pbuf_realloc
 .text.pbuf_add_header
                0x10008f48       0x50 CMakeFiles/pico_hostname_resolver.dir/home/cooperp/pico/pico-sdk/lib/lwip/src/core/pbuf.c.o
                0x10008f48                pbuf_add_header
 .text.pbuf_remove_header
                0x10008f98       0x3c CMakeFiles/pico_hostname_resolver.dir/home/cooperp/pico/pico-sdk/lib/lwip/src/core/pbuf.c.o
                0x10008f98                pbuf_remove_header
 .text.pbuf_header_force
                0x10008fd4       0x68 CMakeFiles/pico_hostname_resolver.dir/home/cooperp/pico/pico-sdk/lib/lwip/src/core/pbuf.c.o
                0x10008fd4                pbuf_header_force
 .text.pbuf_free
                0x1000903c       0x18 CMakeFiles/pico_hostname_resolver.dir/home/cooperp/pico/pico-sdk/lib/lwip/src/core/pbuf.c.o
                0x1000903c                pbuf_free
 .text.pbuf_clen
                0x10009054       0x14 CMakeFiles/pico_hostname_resolver.dir/home/cooperp/pico/pico-sdk/lib/lwip/src/core/pbuf.c.o
                0x10009054                pbuf_clen
 .text.pbuf_ref
                0x10009068       0x28 CMakeFiles/pico_hostname_resolver.dir/home/cooperp/pico/pico-sdk/lib/lwip/src/core/pbuf.c.o
                0x10009068                pbuf_ref
 .text.pbuf_cat
                0x10009090       0x54 CMakeFiles/pico_hostname_resolver.dir/home/cooperp/pico/pico-sdk/lib/lwip/src/core/pbuf.c.o
                0x10009090                pbuf_cat
 .text.pbuf_chain
                0x100090e4       0x70 CMakeFiles/pico_hostname_resolver.dir/home/cooperp/pico/pico-sdk/lib/lwip/src/core/pbuf.c.o
                0x100090e4                pbuf_chain
 .text.pbuf_copy_partial_pbuf
                0x10009154      0x148 CMakeFiles/pico_hostname_resolver.dir/home/cooperp/pico/pico-sdk/lib/lwip/src/core/pbuf.c.o
                0x10009154                pbuf_copy_partial_pbuf
 .text.pbuf_copy
                0x1000929c       0x18 CMakeFiles/pico_hostname_resolver.dir/home/cooperp/pico/pico-sdk/lib/lwip/src/core/pbuf.c.o
                0x1000929c                pbuf_copy
 .text.pbuf_copy_partial
                0x100092b4       0x68 CMakeFiles/pico_hostname_resolver.dir/home/cooperp/pico/pico-sdk/lib/lwip/src/core/pbuf.c.o
                0x100092b4                pbuf_copy_partial
 .text.pbuf_take
                0x1000931c       0x78 CMakeFiles/pico_hostname_resolver.dir/home/cooperp/pico/pico-sdk/lib/lwip/src/core/pbuf.c.o
                0x1000931c                pbuf_take
 .text.pbuf_take_at
                0x10009394       0xcc CMakeFiles/pico_hostname_resolver.dir/home/cooperp/pico/pico-sdk/lib/lwip/src/core/pbuf.c.o
                0x10009394                pbuf_take_at
 .text.pbuf_clone
                0x10009460       0x30 CMakeFiles/pico_hostname_resolver.dir/home/cooperp/pico/pico-sdk/lib/lwip/src/core/pbuf.c.o
                0x10009460                pbuf_clone
 .text.pbuf_try_get_at
                0x10009490       0x28 CMakeFiles/pico_hostname_resolver.dir/home/cooperp/pico/pico-sdk/lib/lwip/src/core/pbuf.c.o
                0x10009490                pbuf_try_get_at
 .text.pbuf_put_at
                0x100094b8       0x1c CMakeFiles/pico_hostname_resolver.dir/home/cooperp/pico/pico-sdk/lib/lwip/src/core/pbuf.c.o
                0x100094b8                pbuf_put_at
 .text.raw_input
                0x100094d4      0x164 CMakeFiles/pico_hostname_resolver.dir/home/cooperp/pico/pico-sdk/lib/lwip/src/core/raw.c.o
                0x100094d4                raw_input
 .text.raw_netif_ip_addr_changed
                0x10009638       0x40 CMakeFiles/pico_hostname_resolver.dir/home/cooperp/pico/pico-sdk/lib/lwip/src/core/raw.c.o
                0x10009638                raw_netif_ip_addr_changed
 .text.stats_init
                0x10009678        0x4 CMakeFiles/pico_hostname_resolver.dir/home/cooperp/pico/pico-sdk/lib/lwip/src/core/stats.c.o
                0x10009678                stats_init
 .text.tcp_close_shutdown_fin
                0x1000967c       0x54 CMakeFiles/pico_hostname_resolver.dir/home/cooperp/pico/pico-sdk/lib/lwip/src/core/tcp.c.o
 .text.tcp_pcb_purge.part.0
                0x100096d0       0xc4 CMakeFiles/pico_hostname_resolver.dir/home/cooperp/pico/pico-sdk/lib/lwip/src/core/tcp.c.o
 .text.tcp_init
                0x10009794       0x20 CMakeFiles/pico_hostname_resolver.dir/home/cooperp/pico/pico-sdk/lib/lwip/src/core/tcp.c.o
                0x10009794                tcp_init
 .text.tcp_free
                0x100097b4       0x1c CMakeFiles/pico_hostname_resolver.dir/home/cooperp/pico/pico-sdk/lib/lwip/src/core/tcp.c.o
                0x100097b4                tcp_free
 .text.tcp_update_rcv_ann_wnd
                0x100097d0       0x58 CMakeFiles/pico_hostname_resolver.dir/home/cooperp/pico/pico-sdk/lib/lwip/src/core/tcp.c.o
                0x100097d0                tcp_update_rcv_ann_wnd
 .text.tcp_recved
                0x10009828       0x98 CMakeFiles/pico_hostname_resolver.dir/home/cooperp/pico/pico-sdk/lib/lwip/src/core/tcp.c.o
                0x10009828                tcp_recved
 .text.tcp_slowtmr
                0x100098c0      0x524 CMakeFiles/pico_hostname_resolver.dir/home/cooperp/pico/pico-sdk/lib/lwip/src/core/tcp.c.o
                0x100098c0                tcp_slowtmr
 .text.tcp_segs_free
                0x10009de4       0x38 CMakeFiles/pico_hostname_resolver.dir/home/cooperp/pico/pico-sdk/lib/lwip/src/core/tcp.c.o
                0x10009de4                tcp_segs_free
 .text.tcp_seg_free
                0x10009e1c       0x1c CMakeFiles/pico_hostname_resolver.dir/home/cooperp/pico/pico-sdk/lib/lwip/src/core/tcp.c.o
                0x10009e1c                tcp_seg_free
 .text.tcp_seg_copy
                0x10009e38       0x2c CMakeFiles/pico_hostname_resolver.dir/home/cooperp/pico/pico-sdk/lib/lwip/src/core/tcp.c.o
                0x10009e38                tcp_seg_copy
 .text.tcp_pcb_purge
                0x10009e64       0x18 CMakeFiles/pico_hostname_resolver.dir/home/cooperp/pico/pico-sdk/lib/lwip/src/core/tcp.c.o
                0x10009e64                tcp_pcb_purge
 .text.tcp_pcb_remove
                0x10009e7c       0xc8 CMakeFiles/pico_hostname_resolver.dir/home/cooperp/pico/pico-sdk/lib/lwip/src/core/tcp.c.o
                0x10009e7c                tcp_pcb_remove
 .text.tcp_abandon
                0x10009f44      0x1a0 CMakeFiles/pico_hostname_resolver.dir/home/cooperp/pico/pico-sdk/lib/lwip/src/core/tcp.c.o
                0x10009f44                tcp_abandon
 .text.tcp_abort
                0x1000a0e4        0xc CMakeFiles/pico_hostname_resolver.dir/home/cooperp/pico/pico-sdk/lib/lwip/src/core/tcp.c.o
                0x1000a0e4                tcp_abort
 .text.tcp_alloc
                0x1000a0f0      0x1d4 CMakeFiles/pico_hostname_resolver.dir/home/cooperp/pico/pico-sdk/lib/lwip/src/core/tcp.c.o
                0x1000a0f0                tcp_alloc
 .text.tcp_close_shutdown
                0x1000a2c4      0x188 CMakeFiles/pico_hostname_resolver.dir/home/cooperp/pico/pico-sdk/lib/lwip/src/core/tcp.c.o
 .text.tcp_recv_null
                0x1000a44c       0xcc CMakeFiles/pico_hostname_resolver.dir/home/cooperp/pico/pico-sdk/lib/lwip/src/core/tcp.c.o
                0x1000a44c                tcp_recv_null
 .text.tcp_process_refused_data
                0x1000a518       0x78 CMakeFiles/pico_hostname_resolver.dir/home/cooperp/pico/pico-sdk/lib/lwip/src/core/tcp.c.o
                0x1000a518                tcp_process_refused_data
 .text.tcp_fasttmr
                0x1000a590       0x98 CMakeFiles/pico_hostname_resolver.dir/home/cooperp/pico/pico-sdk/lib/lwip/src/core/tcp.c.o
                0x1000a590                tcp_fasttmr
 .text.tcp_tmr  0x1000a628       0x20 CMakeFiles/pico_hostname_resolver.dir/home/cooperp/pico/pico-sdk/lib/lwip/src/core/tcp.c.o
                0x1000a628                tcp_tmr
 .text.tcp_next_iss
                0x1000a648       0x28 CMakeFiles/pico_hostname_resolver.dir/home/cooperp/pico/pico-sdk/lib/lwip/src/core/tcp.c.o
                0x1000a648                tcp_next_iss
 .text.tcp_eff_send_mss_netif
                0x1000a670       0x34 CMakeFiles/pico_hostname_resolver.dir/home/cooperp/pico/pico-sdk/lib/lwip/src/core/tcp.c.o
                0x1000a670                tcp_eff_send_mss_netif
 .text.tcp_netif_ip_addr_changed
                0x1000a6a4       0x94 CMakeFiles/pico_hostname_resolver.dir/home/cooperp/pico/pico-sdk/lib/lwip/src/core/tcp.c.o
                0x1000a6a4                tcp_netif_ip_addr_changed
 .text.tcp_free_ooseq
                0x1000a738       0x40 CMakeFiles/pico_hostname_resolver.dir/home/cooperp/pico/pico-sdk/lib/lwip/src/core/tcp.c.o
                0x1000a738                tcp_free_ooseq
 .text.tcp_parseopt
                0x1000a778      0x1bc CMakeFiles/pico_hostname_resolver.dir/home/cooperp/pico/pico-sdk/lib/lwip/src/core/tcp_in.c.o
 .text.tcp_oos_insert_segment
                0x1000a934       0xdc CMakeFiles/pico_hostname_resolver.dir/home/cooperp/pico/pico-sdk/lib/lwip/src/core/tcp_in.c.o
 .text.tcp_free_acked_segments.isra.0
                0x1000aa10       0xdc CMakeFiles/pico_hostname_resolver.dir/home/cooperp/pico/pico-sdk/lib/lwip/src/core/tcp_in.c.o
 .text.tcp_receive
                0x1000aaec      0xa04 CMakeFiles/pico_hostname_resolver.dir/home/cooperp/pico/pico-sdk/lib/lwip/src/core/tcp_in.c.o
 .text.tcp_input
                0x1000b4f0      0xe54 CMakeFiles/pico_hostname_resolver.dir/home/cooperp/pico/pico-sdk/lib/lwip/src/core/tcp_in.c.o
                0x1000b4f0                tcp_input
 .text.tcp_trigger_input_pcb_close
                0x1000c344       0x10 CMakeFiles/pico_hostname_resolver.dir/home/cooperp/pico/pico-sdk/lib/lwip/src/core/tcp_in.c.o
                0x1000c344                tcp_trigger_input_pcb_close
 .text.tcp_create_segment
                0x1000c354       0xf8 CMakeFiles/pico_hostname_resolver.dir/home/cooperp/pico/pico-sdk/lib/lwip/src/core/tcp_out.c.o
 .text.tcp_output_control_segment
                0x1000c44c       0xc0 CMakeFiles/pico_hostname_resolver.dir/home/cooperp/pico/pico-sdk/lib/lwip/src/core/tcp_out.c.o
 .text.tcp_output_alloc_header.constprop.0
                0x1000c50c       0xc8 CMakeFiles/pico_hostname_resolver.dir/home/cooperp/pico/pico-sdk/lib/lwip/src/core/tcp_out.c.o
 .text.tcp_split_unsent_seg
                0x1000c5d4      0x1b4 CMakeFiles/pico_hostname_resolver.dir/home/cooperp/pico/pico-sdk/lib/lwip/src/core/tcp_out.c.o
                0x1000c5d4                tcp_split_unsent_seg
 .text.tcp_send_fin
                0x1000c788      0x118 CMakeFiles/pico_hostname_resolver.dir/home/cooperp/pico/pico-sdk/lib/lwip/src/core/tcp_out.c.o
                0x1000c788                tcp_send_fin
 .text.tcp_enqueue_flags
                0x1000c8a0      0x108 CMakeFiles/pico_hostname_resolver.dir/home/cooperp/pico/pico-sdk/lib/lwip/src/core/tcp_out.c.o
                0x1000c8a0                tcp_enqueue_flags
 .text.tcp_rexmit_rto_prepare
                0x1000c9a8       0x9c CMakeFiles/pico_hostname_resolver.dir/home/cooperp/pico/pico-sdk/lib/lwip/src/core/tcp_out.c.o
                0x1000c9a8                tcp_rexmit_rto_prepare
 .text.tcp_rexmit
                0x1000ca44       0x9c CMakeFiles/pico_hostname_resolver.dir/home/cooperp/pico/pico-sdk/lib/lwip/src/core/tcp_out.c.o
                0x1000ca44                tcp_rexmit
 .text.tcp_rexmit_fast
                0x1000cae0       0x64 CMakeFiles/pico_hostname_resolver.dir/home/cooperp/pico/pico-sdk/lib/lwip/src/core/tcp_out.c.o
                0x1000cae0                tcp_rexmit_fast
 .text.tcp_rst  0x1000cb44       0xe8 CMakeFiles/pico_hostname_resolver.dir/home/cooperp/pico/pico-sdk/lib/lwip/src/core/tcp_out.c.o
                0x1000cb44                tcp_rst
 .text.tcp_rst_netif
                0x1000cc2c      0x130 CMakeFiles/pico_hostname_resolver.dir/home/cooperp/pico/pico-sdk/lib/lwip/src/core/tcp_out.c.o
                0x1000cc2c                tcp_rst_netif
 .text.tcp_send_empty_ack
                0x1000cd5c       0x4c CMakeFiles/pico_hostname_resolver.dir/home/cooperp/pico/pico-sdk/lib/lwip/src/core/tcp_out.c.o
                0x1000cd5c                tcp_send_empty_ack
 .text.tcp_output
                0x1000cda8      0x454 CMakeFiles/pico_hostname_resolver.dir/home/cooperp/pico/pico-sdk/lib/lwip/src/core/tcp_out.c.o
                0x1000cda8                tcp_output
 .text.tcp_rexmit_rto_commit
                0x1000d1fc       0x24 CMakeFiles/pico_hostname_resolver.dir/home/cooperp/pico/pico-sdk/lib/lwip/src/core/tcp_out.c.o
                0x1000d1fc                tcp_rexmit_rto_commit
 .text.tcp_rexmit_rto
                0x1000d220       0xa4 CMakeFiles/pico_hostname_resolver.dir/home/cooperp/pico/pico-sdk/lib/lwip/src/core/tcp_out.c.o
                0x1000d220                tcp_rexmit_rto
 .text.tcp_keepalive
                0x1000d2c4       0xdc CMakeFiles/pico_hostname_resolver.dir/home/cooperp/pico/pico-sdk/lib/lwip/src/core/tcp_out.c.o
                0x1000d2c4                tcp_keepalive
 .text.tcp_zero_window_probe
                0x1000d3a0      0x110 CMakeFiles/pico_hostname_resolver.dir/home/cooperp/pico/pico-sdk/lib/lwip/src/core/tcp_out.c.o
                0x1000d3a0                tcp_zero_window_probe
 .text.tcpip_tcp_timer
                0x1000d4b0       0x78 CMakeFiles/pico_hostname_resolver.dir/home/cooperp/pico/pico-sdk/lib/lwip/src/core/timeouts.c.o
 .text.lwip_cyclic_timer
                0x1000d528       0x98 CMakeFiles/pico_hostname_resolver.dir/home/cooperp/pico/pico-sdk/lib/lwip/src/core/timeouts.c.o
 .text.tcp_timer_needed
                0x1000d5c0       0x7c CMakeFiles/pico_hostname_resolver.dir/home/cooperp/pico/pico-sdk/lib/lwip/src/core/timeouts.c.o
                0x1000d5c0                tcp_timer_needed
 .text.sys_timeouts_init
                0x1000d63c       0x8c CMakeFiles/pico_hostname_resolver.dir/home/cooperp/pico/pico-sdk/lib/lwip/src/core/timeouts.c.o
                0x1000d63c                sys_timeouts_init
 .text.sys_check_timeouts
                0x1000d6c8       0x68 CMakeFiles/pico_hostname_resolver.dir/home/cooperp/pico/pico-sdk/lib/lwip/src/core/timeouts.c.o
                0x1000d6c8                sys_check_timeouts
 .text.sys_timeouts_sleeptime
                0x1000d730       0x28 CMakeFiles/pico_hostname_resolver.dir/home/cooperp/pico/pico-sdk/lib/lwip/src/core/timeouts.c.o
                0x1000d730                sys_timeouts_sleeptime
 .text.udp_init
                0x1000d758       0x20 CMakeFiles/pico_hostname_resolver.dir/home/cooperp/pico/pico-sdk/lib/lwip/src/core/udp.c.o
                0x1000d758                udp_init
 .text.udp_input
                0x1000d778      0x320 CMakeFiles/pico_hostname_resolver.dir/home/cooperp/pico/pico-sdk/lib/lwip/src/core/udp.c.o
                0x1000d778                udp_input
 .text.udp_bind
                0x1000da98      0x118 CMakeFiles/pico_hostname_resolver.dir/home/cooperp/pico/pico-sdk/lib/lwip/src/core/udp.c.o
                0x1000da98                udp_bind
 .text.udp_sendto_if_src
                0x1000dbb0      0x130 CMakeFiles/pico_hostname_resolver.dir/home/cooperp/pico/pico-sdk/lib/lwip/src/core/udp.c.o
                0x1000dbb0                udp_sendto_if_src
 .text.udp_sendto_if
                0x1000dce0       0x48 CMakeFiles/pico_hostname_resolver.dir/home/cooperp/pico/pico-sdk/lib/lwip/src/core/udp.c.o
                0x1000dce0                udp_sendto_if
 .text.udp_sendto
                0x1000dd28       0x78 CMakeFiles/pico_hostname_resolver.dir/home/cooperp/pico/pico-sdk/lib/lwip/src/core/udp.c.o
                0x1000dd28                udp_sendto
 .text.udp_connect
                0x1000dda0       0x60 CMakeFiles/pico_hostname_resolver.dir/home/cooperp/pico/pico-sdk/lib/lwip/src/core/udp.c.o
                0x1000dda0                udp_connect
 .text.udp_recv
                0x1000de00        0xc CMakeFiles/pico_hostname_resolver.dir/home/cooperp/pico/pico-sdk/lib/lwip/src/core/udp.c.o
                0x1000de00                udp_recv
 .text.udp_remove
                0x1000de0c       0x3c CMakeFiles/pico_hostname_resolver.dir/home/cooperp/pico/pico-sdk/lib/lwip/src/core/udp.c.o
                0x1000de0c                udp_remove
 .text.udp_new  0x1000de48       0x1c CMakeFiles/pico_hostname_resolver.dir/home/cooperp/pico/pico-sdk/lib/lwip/src/core/udp.c.o
                0x1000de48                udp_new
 .text.udp_new_ip_type
                0x1000de64       0x1c CMakeFiles/pico_hostname_resolver.dir/home/cooperp/pico/pico-sdk/lib/lwip/src/core/udp.c.o
                0x1000de64                udp_new_ip_type
 .text.udp_netif_ip_addr_changed
                0x1000de80       0x40 CMakeFiles/pico_hostname_resolver.dir/home/cooperp/pico/pico-sdk/lib/lwip/src/core/udp.c.o
                0x1000de80                udp_netif_ip_addr_changed
 .text.dhcp_create_msg
                0x1000dec0      0x164 CMakeFiles/pico_hostname_resolver.dir/home/cooperp/pico/pico-sdk/lib/lwip/src/core/ipv4/dhcp.c.o
 .text.dhcp_inc_pcb_refcount
                0x1000e024       0x6c CMakeFiles/pico_hostname_resolver.dir/home/cooperp/pico/pico-sdk/lib/lwip/src/core/ipv4/dhcp.c.o
 .text.dhcp_bind
                0x1000e090      0x138 CMakeFiles/pico_hostname_resolver.dir/home/cooperp/pico/pico-sdk/lib/lwip/src/core/ipv4/dhcp.c.o
 .text.dhcp_option_hostname.isra.0
                0x1000e1c8       0x84 CMakeFiles/pico_hostname_resolver.dir/home/cooperp/pico/pico-sdk/lib/lwip/src/core/ipv4/dhcp.c.o
 .text.dhcp_handle_ack.isra.0
                0x1000e24c       0xcc CMakeFiles/pico_hostname_resolver.dir/home/cooperp/pico/pico-sdk/lib/lwip/src/core/ipv4/dhcp.c.o
 .text.dhcp_reboot.isra.0
                0x1000e318      0x178 CMakeFiles/pico_hostname_resolver.dir/home/cooperp/pico/pico-sdk/lib/lwip/src/core/ipv4/dhcp.c.o
 .text.dhcp_discover
                0x1000e490      0x148 CMakeFiles/pico_hostname_resolver.dir/home/cooperp/pico/pico-sdk/lib/lwip/src/core/ipv4/dhcp.c.o
 .text.dhcp_select.isra.0
                0x1000e5d8      0x1e0 CMakeFiles/pico_hostname_resolver.dir/home/cooperp/pico/pico-sdk/lib/lwip/src/core/ipv4/dhcp.c.o
 .text.dhcp_recv
                0x1000e7b8      0x47c CMakeFiles/pico_hostname_resolver.dir/home/cooperp/pico/pico-sdk/lib/lwip/src/core/ipv4/dhcp.c.o
 .text.dhcp_set_struct
                0x1000ec34       0x44 CMakeFiles/pico_hostname_resolver.dir/home/cooperp/pico/pico-sdk/lib/lwip/src/core/ipv4/dhcp.c.o
                0x1000ec34                dhcp_set_struct
 .text.dhcp_network_changed_link_up
                0x1000ec78       0x40 CMakeFiles/pico_hostname_resolver.dir/home/cooperp/pico/pico-sdk/lib/lwip/src/core/ipv4/dhcp.c.o
                0x1000ec78                dhcp_network_changed_link_up
 .text.dhcp_renew
                0x1000ecb8      0x138 CMakeFiles/pico_hostname_resolver.dir/home/cooperp/pico/pico-sdk/lib/lwip/src/core/ipv4/dhcp.c.o
                0x1000ecb8                dhcp_renew
 .text.dhcp_release_and_stop
                0x1000edf0      0x158 CMakeFiles/pico_hostname_resolver.dir/home/cooperp/pico/pico-sdk/lib/lwip/src/core/ipv4/dhcp.c.o
                0x1000edf0                dhcp_release_and_stop
 .text.dhcp_start
                0x1000ef48       0xb0 CMakeFiles/pico_hostname_resolver.dir/home/cooperp/pico/pico-sdk/lib/lwip/src/core/ipv4/dhcp.c.o
                0x1000ef48                dhcp_start
 .text.dhcp_coarse_tmr
                0x1000eff8      0x1d8 CMakeFiles/pico_hostname_resolver.dir/home/cooperp/pico/pico-sdk/lib/lwip/src/core/ipv4/dhcp.c.o
                0x1000eff8                dhcp_coarse_tmr
 .text.dhcp_fine_tmr
                0x1000f1d0       0x78 CMakeFiles/pico_hostname_resolver.dir/home/cooperp/pico/pico-sdk/lib/lwip/src/core/ipv4/dhcp.c.o
                0x1000f1d0                dhcp_fine_tmr
 .text.dhcp_stop
                0x1000f248      0x158 CMakeFiles/pico_hostname_resolver.dir/home/cooperp/pico/pico-sdk/lib/lwip/src/core/ipv4/dhcp.c.o
                0x1000f248                dhcp_stop
 .text.etharp_find_entry
                0x1000f3a0      0x3c0 CMakeFiles/pico_hostname_resolver.dir/home/cooperp/pico/pico-sdk/lib/lwip/src/core/ipv4/etharp.c.o
 .text.etharp_raw
                0x1000f760       0xec CMakeFiles/pico_hostname_resolver.dir/home/cooperp/pico/pico-sdk/lib/lwip/src/core/ipv4/etharp.c.o
 .text.etharp_output_to_arp_index
                0x1000f84c       0xd0 CMakeFiles/pico_hostname_resolver.dir/home/cooperp/pico/pico-sdk/lib/lwip/src/core/ipv4/etharp.c.o
 .text.etharp_tmr
                0x1000f91c       0x94 CMakeFiles/pico_hostname_resolver.dir/home/cooperp/pico/pico-sdk/lib/lwip/src/core/ipv4/etharp.c.o
                0x1000f91c                etharp_tmr
 .text.etharp_cleanup_netif
                0x1000f9b0      0x188 CMakeFiles/pico_hostname_resolver.dir/home/cooperp/pico/pico-sdk/lib/lwip/src/core/ipv4/etharp.c.o
                0x1000f9b0                etharp_cleanup_netif
 .text.etharp_input
                0x1000fb38      0x1b8 CMakeFiles/pico_hostname_resolver.dir/home/cooperp/pico/pico-sdk/lib/lwip/src/core/ipv4/etharp.c.o
                0x1000fb38                etharp_input
 .text.etharp_query
                0x1000fcf0      0x1b8 CMakeFiles/pico_hostname_resolver.dir/home/cooperp/pico/pico-sdk/lib/lwip/src/core/ipv4/etharp.c.o
                0x1000fcf0                etharp_query
 .text.etharp_output
                0x1000fea8      0x24c CMakeFiles/pico_hostname_resolver.dir/home/cooperp/pico/pico-sdk/lib/lwip/src/core/ipv4/etharp.c.o
                0x1000fea8                etharp_output
 .text.etharp_request
                0x100100f4       0x2c CMakeFiles/pico_hostname_resolver.dir/home/cooperp/pico/pico-sdk/lib/lwip/src/core/ipv4/etharp.c.o
                0x100100f4                etharp_request
 .text.icmp_input
                0x10010120      0x1f0 CMakeFiles/pico_hostname_resolver.dir/home/cooperp/pico/pico-sdk/lib/lwip/src/core/ipv4/icmp.c.o
                0x10010120                icmp_input
 .text.icmp_dest_unreach
                0x10010310       0xcc CMakeFiles/pico_hostname_resolver.dir/home/cooperp/pico/pico-sdk/lib/lwip/src/core/ipv4/icmp.c.o
                0x10010310                icmp_dest_unreach
 .text.icmp_time_exceeded
                0x100103dc       0xcc CMakeFiles/pico_hostname_resolver.dir/home/cooperp/pico/pico-sdk/lib/lwip/src/core/ipv4/icmp.c.o
                0x100103dc                icmp_time_exceeded
 .text.ip_reass_free_complete_datagram
                0x100104a8      0x11c CMakeFiles/pico_hostname_resolver.dir/home/cooperp/pico/pico-sdk/lib/lwip/src/core/ipv4/ip4_frag.c.o
 .text.ip_reass_remove_oldest_datagram
                0x100105c4       0xd8 CMakeFiles/pico_hostname_resolver.dir/home/cooperp/pico/pico-sdk/lib/lwip/src/core/ipv4/ip4_frag.c.o
 .text.ip_reass_tmr
                0x1001069c       0x30 CMakeFiles/pico_hostname_resolver.dir/home/cooperp/pico/pico-sdk/lib/lwip/src/core/ipv4/ip4_frag.c.o
                0x1001069c                ip_reass_tmr
 .text.ip4_reass
                0x100106cc      0x560 CMakeFiles/pico_hostname_resolver.dir/home/cooperp/pico/pico-sdk/lib/lwip/src/core/ipv4/ip4_frag.c.o
                0x100106cc                ip4_reass
 .text.ip4_frag
                0x10010c2c      0x254 CMakeFiles/pico_hostname_resolver.dir/home/cooperp/pico/pico-sdk/lib/lwip/src/core/ipv4/ip4_frag.c.o
                0x10010c2c                ip4_frag
 .text.ip4_route
                0x10010e80       0x7c CMakeFiles/pico_hostname_resolver.dir/home/cooperp/pico/pico-sdk/lib/lwip/src/core/ipv4/ip4.c.o
                0x10010e80                ip4_route
 .text.ip4_input
                0x10010efc      0x300 CMakeFiles/pico_hostname_resolver.dir/home/cooperp/pico/pico-sdk/lib/lwip/src/core/ipv4/ip4.c.o
                0x10010efc                ip4_input
 .text.ip4_output_if
                0x100111fc      0x190 CMakeFiles/pico_hostname_resolver.dir/home/cooperp/pico/pico-sdk/lib/lwip/src/core/ipv4/ip4.c.o
                0x100111fc                ip4_output_if
 .text.ip4_output_if_src
                0x1001138c      0x184 CMakeFiles/pico_hostname_resolver.dir/home/cooperp/pico/pico-sdk/lib/lwip/src/core/ipv4/ip4.c.o
                0x1001138c                ip4_output_if_src
 .text.ip4_addr_isbroadcast_u32
                0x10011510       0x3c CMakeFiles/pico_hostname_resolver.dir/home/cooperp/pico/pico-sdk/lib/lwip/src/core/ipv4/ip4_addr.c.o
                0x10011510                ip4_addr_isbroadcast_u32
 .text.ip4addr_aton
                0x1001154c      0x1a8 CMakeFiles/pico_hostname_resolver.dir/home/cooperp/pico/pico-sdk/lib/lwip/src/core/ipv4/ip4_addr.c.o
                0x1001154c                ip4addr_aton
 .text.ip4addr_ntoa
                0x100116f4       0xec CMakeFiles/pico_hostname_resolver.dir/home/cooperp/pico/pico-sdk/lib/lwip/src/core/ipv4/ip4_addr.c.o
                0x100116f4                ip4addr_ntoa
 .text.ethernet_input
                0x100117e0       0xd0 CMakeFiles/pico_hostname_resolver.dir/home/cooperp/pico/pico-sdk/lib/lwip/src/netif/ethernet.c.o
                0x100117e0                ethernet_input
 .text.ethernet_output
                0x100118b0       0x6c CMakeFiles/pico_hostname_resolver.dir/home/cooperp/pico/pico-sdk/lib/lwip/src/netif/ethernet.c.o
                0x100118b0                ethernet_output
 .text.cyw43_arch_wifi_connect_bssid_until.part.0
                0x1001191c      0x150 CMakeFiles/pico_hostname_resolver.dir/home/cooperp/pico/pico-sdk/src/rp2_common/pico_cyw43_arch/cyw43_arch.c.o
 .text.cyw43_arch_set_async_context
                0x10011a6c        0xc CMakeFiles/pico_hostname_resolver.dir/home/cooperp/pico/pico-sdk/src/rp2_common/pico_cyw43_arch/cyw43_arch.c.o
                0x10011a6c                cyw43_arch_set_async_context
 .text.cyw43_arch_enable_sta_mode
                0x10011a78       0x1c CMakeFiles/pico_hostname_resolver.dir/home/cooperp/pico/pico-sdk/src/rp2_common/pico_cyw43_arch/cyw43_arch.c.o
                0x10011a78                cyw43_arch_enable_sta_mode
 .text.cyw43_arch_wifi_connect_timeout_ms
                0x10011a94       0xa0 CMakeFiles/pico_hostname_resolver.dir/home/cooperp/pico/pico-sdk/src/rp2_common/pico_cyw43_arch/cyw43_arch.c.o
                0x10011a94                cyw43_arch_wifi_connect_timeout_ms
 .text.cyw43_arch_async_context
                0x10011b34        0xc CMakeFiles/pico_hostname_resolver.dir/home/cooperp/pico/pico-sdk/src/rp2_common/pico_cyw43_arch/cyw43_arch.c.o
                0x10011b34                cyw43_arch_async_context
 .text.cyw43_arch_init